#
# There is insufficient memory for the Java Runtime Environment to continue.
# Native memory allocation (mmap) failed to map 130023424 bytes. Error detail: G1 virtual space
# Possible reasons:
#   The system is out of physical RAM or swap space
#   This process is running with CompressedOops enabled, and the Java Heap may be blocking the growth of the native heap
# Possible solutions:
#   Reduce memory load on the system
#   Increase physical memory or swap space
#   Check if swap backing store is full
#   Decrease Java heap size (-Xmx/-Xms)
#   Decrease number of Java threads
#   Decrease Java thread stack sizes (-Xss)
#   Set larger code cache with -XX:ReservedCodeCacheSize=
#   JVM is running with Unscaled Compressed Oops mode in which the Java heap is
#     placed in the first 4GB address space. The Java Heap base address is the
#     maximum limit for the native heap growth. Please use -XX:HeapBaseMinAddress
#     to set the Java Heap base and to place the Java Heap above 4GB virtual address.
# This output file may be truncated or incomplete.
#
#  Out of Memory Error (os_windows.cpp:3554), pid=15792, tid=16132
#
# JRE version:  (25.0.1+8) (build )
# Java VM: OpenJDK 64-Bit Server VM (25.0.1+8-LTS, mixed mode, sharing, tiered, compressed oops, compressed class ptrs, g1 gc, windows-amd64)
# No core dump will be written. Minidumps are not enabled by default on client versions of Windows
#

---------------  S U M M A R Y ------------

Command Line: -Dclassworlds.conf=C:\Program Files\Apache NetBeans\java\maven\bin\m2.conf -Dmaven.home=C:\Program Files\Apache NetBeans\java\maven -Dlibrary.jansi.path=C:\Program Files\Apache NetBeans\java\maven\lib\jansi-native -Dmaven.multiModuleProjectDirectory=D:\prog3003-BIT242338-VuTungDuong\chapter3\SimpleJDBC11 org.codehaus.plexus.classworlds.launcher.Launcher -Dexec.vmArgs= -Dexec.args=${exec.vmArgs} -classpath %classpath ${exec.mainClass} ${exec.appArgs} -Dexec.appArgs= -Dexec.mainClass=Main -Dexec.executable=C:\Program Files\Apache NetBeans\jdk\bin\java.exe -Dmaven.ext.class.path=C:\Program Files\Apache NetBeans\java\maven-nblib\netbeans-eventspy.jar --no-transfer-progress process-classes org.codehaus.mojo:exec-maven-plugin:3.5.1:exec

Host: 12th Gen Intel(R) Core(TM) i3-1215U, 8 cores, 7G,  Windows 11 , 64 bit Build 26100 (10.0.26100.7623)
Time: Tue Feb  3 09:28:48 2026 SE Asia Standard Time elapsed time: 2.030621 seconds (0d 0h 0m 2s)

---------------  T H R E A D  ---------------

Current thread (0x00000208f556fe60):  JavaThread "Unknown thread" [_thread_in_vm, id=16132, stack(0x000000e3aa500000,0x000000e3aa600000) (1024K)]

Stack: [0x000000e3aa500000,0x000000e3aa600000]
Native frames: (J=compiled Java code, j=interpreted, Vv=VM code, C=native code)
V  [jvm.dll+0x7a8379]  (no source info available)
V  [jvm.dll+0x7729fd]  (no source info available)
V  [jvm.dll+0x9f57b3]  (no source info available)
V  [jvm.dll+0x9f7da1]  (no source info available)
V  [jvm.dll+0x9f84a3]  (no source info available)
V  [jvm.dll+0x2fcd26]  (no source info available)
V  [jvm.dll+0x7a45a5]  (no source info available)
V  [jvm.dll+0x797a07]  (no source info available)
V  [jvm.dll+0x3f4cb8]  (no source info available)
V  [jvm.dll+0x3fcbf6]  (no source info available)
V  [jvm.dll+0x3e938e]  (no source info available)
V  [jvm.dll+0x3e9648]  (no source info available)
V  [jvm.dll+0x3c0b15]  (no source info available)
V  [jvm.dll+0x3c179e]  (no source info available)
V  [jvm.dll+0x9bbc74]  (no source info available)
V  [jvm.dll+0x459892]  (no source info available)
V  [jvm.dll+0x99faa2]  (no source info available)
V  [jvm.dll+0x4fa061]  (no source info available)
V  [jvm.dll+0x4fb951]  (no source info available)
C  [jli.dll+0x53fa]  (no source info available)
C  [ucrtbase.dll+0x37b0]  (no source info available)
C  [KERNEL32.DLL+0x2e8d7]  (no source info available)
C  [ntdll.dll+0x8c53c]  (no source info available)

Lock stack of current Java thread (top to bottom):


---------------  P R O C E S S  ---------------

Threads class SMR info:
_java_thread_list=0x00007fff8122df88, length=0, elements={
}

Java Threads: ( => current thread )
Total: 0

Other Threads:
  0x00000208f7a87050 WorkerThread "GC Thread#0"                     [id=8680, stack(0x000000e3aa600000,0x000000e3aa700000) (1024K)]
  0x00000208f7a9f320 ConcurrentGCThread "G1 Main Marker"            [id=3208, stack(0x000000e3aa700000,0x000000e3aa800000) (1024K)]
  0x00000208f7aa2c20 WorkerThread "G1 Conc#0"                       [id=5580, stack(0x000000e3aa800000,0x000000e3aa900000) (1024K)]

[error occurred during error reporting (printing all threads), id 0xc0000005, EXCEPTION_ACCESS_VIOLATION (0xc0000005) at pc=0x00007fff8085538a]
VM state: not at safepoint (not fully initialized)

VM Mutex/Monitor currently owned by a thread:  ([mutex/lock_event])
[0x00007fff812b64e8] Heap_lock - owner thread: 0x00000208f556fe60

Heap address: 0x0000000084e00000, size: 1970 MB, Compressed Oops mode: 32-bit

CDS archive(s) mapped at: [0x0000000000000000-0x0000000000000000-0x0000000000000000), size 0, SharedBaseAddress: 0x0000000800000000, ArchiveRelocationMode: 1.
UseCompressedClassPointers 1, UseCompactObjectHeaders 0
Narrow klass pointer bits 32, Max shift 3
Narrow klass base: 0xffffffffffffffff, Narrow klass shift: -1
Encoding Range: [0xffffffffffffffff - 0x000000007fffffff), (2147483648 bytes)
Klass Range:    [0x0000000000000000 - 0x0000000000000000), (0 bytes)
Klass ID Range:  [4294967295 - 0) (1)
No protection zone.

GC Precious Log:
 CardTable entry size: 512
 Card Set container configuration: InlinePtr #cards 5 size 8 Array Of Cards #cards 10 size 36 Howl #buckets 4 coarsen threshold 1843 Howl Bitmap #cards 512 size 80 coarsen threshold 460 Card regions per heap region 1 cards per card region 2048

Heap:
 garbage-first heap   total reserved 2017280K, committed 0K, used 0K [0x0000000084e00000, 0x0000000100000000)
  region size 1024K, 0 young (0K), 0 survivors (0K)

Heap Regions: E=young(eden), S=young(survivor), O=old, HS=humongous(starts), HC=humongous(continues), CS=collection set, F=free, TAMS=top-at-mark-start, PB=parsable bottom

Card table byte_map: [0x00000208f8210000,0x00000208f85f0000] _byte_map_base: 0x00000208f7de9000

Marking Bits: (CMBitMap*) 0x00000208f7a877e0
 Bits: [0x00000208f85f0000, 0x00000208fa4b8000)

GC Heap Usage History (0 events):
No events

Metaspace Usage History (0 events):
No events

Dll operation events (1 events):
Event: 0.013 Loaded shared library C:\Program Files\Apache NetBeans\jdk\bin\java.dll

Deoptimization events (0 events):
No events

Classes loaded (0 events):
No events

Classes unloaded (0 events):
No events

Classes redefined (0 events):
No events

Internal exceptions (0 events):
No events

VM Operations (0 events):
No events

Memory protections (0 events):
No events

Nmethod flushes (0 events):
No events

Events (0 events):
No events


Dynamic libraries:
0x00007ff7610e0000 - 0x00007ff7610ee000 	C:\Program Files\Apache NetBeans\jdk\bin\java.exe
0x00007ff86f4a0000 - 0x00007ff86f707000 	C:\WINDOWS\SYSTEM32\ntdll.dll
0x00007ff86e740000 - 0x00007ff86e809000 	C:\WINDOWS\System32\KERNEL32.DLL
0x00007ff86c900000 - 0x00007ff86ccef000 	C:\WINDOWS\System32\KERNELBASE.dll
0x00007ff86c720000 - 0x00007ff86c86b000 	C:\WINDOWS\System32\ucrtbase.dll
0x00007ff8644f0000 - 0x00007ff86450e000 	C:\Program Files\Apache NetBeans\jdk\bin\VCRUNTIME140.dll
0x00007ff84d070000 - 0x00007ff84d086000 	C:\Program Files\Apache NetBeans\jdk\bin\jli.dll
0x00007ff86d9b0000 - 0x00007ff86db75000 	C:\WINDOWS\System32\USER32.dll
0x00007ff854610000 - 0x00007ff8548a3000 	C:\WINDOWS\WinSxS\amd64_microsoft.windows.common-controls_6595b64144ccf1df_6.0.26100.7309_none_3e05feeae336a044\COMCTL32.dll
0x00007ff86cdb0000 - 0x00007ff86cdd7000 	C:\WINDOWS\System32\win32u.dll
0x00007ff86e890000 - 0x00007ff86e939000 	C:\WINDOWS\System32\msvcrt.dll
0x00007ff86dd20000 - 0x00007ff86dd4b000 	C:\WINDOWS\System32\GDI32.dll
0x00007ff86c5f0000 - 0x00007ff86c71c000 	C:\WINDOWS\System32\gdi32full.dll
0x00007ff86cde0000 - 0x00007ff86ce83000 	C:\WINDOWS\System32\msvcp_win.dll
0x00007ff86eaf0000 - 0x00007ff86eb21000 	C:\WINDOWS\System32\IMM32.DLL
0x00007ff867310000 - 0x00007ff86731c000 	C:\Program Files\Apache NetBeans\jdk\bin\vcruntime140_1.dll
0x00007ff828850000 - 0x00007ff8288dd000 	C:\Program Files\Apache NetBeans\jdk\bin\msvcp140.dll
0x00007fff80480000 - 0x00007fff813a6000 	C:\Program Files\Apache NetBeans\jdk\bin\server\jvm.dll
0x00007ff86db80000 - 0x00007ff86dc34000 	C:\WINDOWS\System32\ADVAPI32.dll
0x00007ff86def0000 - 0x00007ff86df96000 	C:\WINDOWS\System32\sechost.dll
0x00007ff86dd50000 - 0x00007ff86de68000 	C:\WINDOWS\System32\RPCRT4.dll
0x00007ff86e810000 - 0x00007ff86e884000 	C:\WINDOWS\System32\WS2_32.dll
0x00007ff86c450000 - 0x00007ff86c4ae000 	C:\WINDOWS\SYSTEM32\POWRPROF.dll
0x00007ff861b20000 - 0x00007ff861b55000 	C:\WINDOWS\SYSTEM32\WINMM.dll
0x00007ff859d10000 - 0x00007ff859d1b000 	C:\WINDOWS\SYSTEM32\VERSION.dll
0x00007ff86c430000 - 0x00007ff86c444000 	C:\WINDOWS\SYSTEM32\UMPDC.dll
0x00007ff86b3a0000 - 0x00007ff86b3bb000 	C:\WINDOWS\SYSTEM32\kernel.appcore.dll
0x00007ff867300000 - 0x00007ff86730a000 	C:\Program Files\Apache NetBeans\jdk\bin\jimage.dll
0x00007ff869700000 - 0x00007ff869942000 	C:\WINDOWS\SYSTEM32\DBGHELP.DLL
0x00007ff86ebc0000 - 0x00007ff86ef46000 	C:\WINDOWS\System32\combase.dll
0x00007ff86dc40000 - 0x00007ff86dd16000 	C:\WINDOWS\System32\OLEAUT32.dll
0x00007ff852720000 - 0x00007ff85275c000 	C:\WINDOWS\SYSTEM32\dbgcore.DLL
0x00007ff86cd00000 - 0x00007ff86cda5000 	C:\WINDOWS\System32\bcryptPrimitives.dll
0x00007ff856140000 - 0x00007ff85615e000 	C:\Program Files\Apache NetBeans\jdk\bin\java.dll
0x00007ff86e010000 - 0x00007ff86e1a7000 	C:\WINDOWS\System32\ole32.dll
0x00007ff86d240000 - 0x00007ff86d993000 	C:\WINDOWS\System32\SHELL32.dll
0x00007ff86ce90000 - 0x00007ff86cffa000 	C:\WINDOWS\System32\wintypes.dll

JVMTI agents: none

dbghelp: loaded successfully - version: 4.0.5 - missing functions: none
symbol engine: initialized successfully - sym options: 0x614 - pdb path: .;C:\Program Files\Apache NetBeans\jdk\bin;C:\WINDOWS\SYSTEM32;C:\WINDOWS\WinSxS\amd64_microsoft.windows.common-controls_6595b64144ccf1df_6.0.26100.7309_none_3e05feeae336a044;C:\Program Files\Apache NetBeans\jdk\bin\server

VM Arguments:
jvm_args: -Dclassworlds.conf=C:\Program Files\Apache NetBeans\java\maven\bin\m2.conf -Dmaven.home=C:\Program Files\Apache NetBeans\java\maven -Dlibrary.jansi.path=C:\Program Files\Apache NetBeans\java\maven\lib\jansi-native -Dmaven.multiModuleProjectDirectory=D:\prog3003-BIT242338-VuTungDuong\chapter3\SimpleJDBC11 
java_command: org.codehaus.plexus.classworlds.launcher.Launcher -Dexec.vmArgs= -Dexec.args=${exec.vmArgs} -classpath %classpath ${exec.mainClass} ${exec.appArgs} -Dexec.appArgs= -Dexec.mainClass=Main -Dexec.executable=C:\Program Files\Apache NetBeans\jdk\bin\java.exe -Dmaven.ext.class.path=C:\Program Files\Apache NetBeans\java\maven-nblib\netbeans-eventspy.jar --no-transfer-progress process-classes org.codehaus.mojo:exec-maven-plugin:3.5.1:exec
java_class_path (initial): C:\Program Files\Apache NetBeans\java\maven\boot\plexus-classworlds-2.9.0.jar
Launcher Type: SUN_STANDARD

[Global flags]
     intx CICompilerCount                          = 4                                         {product} {ergonomic}
     uint ConcGCThreads                            = 2                                         {product} {ergonomic}
     uint G1ConcRefinementThreads                  = 8                                         {product} {ergonomic}
   size_t G1HeapRegionSize                         = 1048576                                   {product} {ergonomic}
   size_t InitialHeapSize                          = 130023424                                 {product} {ergonomic}
   size_t MarkStackSize                            = 4194304                                   {product} {ergonomic}
   size_t MarkStackSizeMax                         = 536870912                                 {product} {ergonomic}
   size_t MaxHeapSize                              = 2065694720                                {product} {ergonomic}
   size_t MinHeapDeltaBytes                        = 1048576                                   {product} {ergonomic}
   size_t MinHeapSize                              = 8388608                                   {product} {ergonomic}
    uintx NonNMethodCodeHeapSize                   = 5832704                                {pd product} {ergonomic}
    uintx NonProfiledCodeHeapSize                  = 122945536                              {pd product} {ergonomic}
    uintx ProfiledCodeHeapSize                     = 122880000                              {pd product} {ergonomic}
    uintx ReservedCodeCacheSize                    = 251658240                              {pd product} {ergonomic}
     bool SegmentedCodeCache                       = true                                      {product} {ergonomic}
   size_t SoftMaxHeapSize                          = 2065694720                             {manageable} {ergonomic}
     bool UseCompressedOops                        = true                           {product lp64_product} {ergonomic}
     bool UseG1GC                                  = true                                      {product} {ergonomic}
     bool UseLargePagesIndividualAllocation        = false                                  {pd product} {ergonomic}

Logging:
Log output configuration:
 #0: stdout all=warning uptime,level,tags foldmultilines=false
 #1: stderr all=off uptime,level,tags foldmultilines=false

Release file:
<release file has not been read>
Environment Variables:
JAVA_HOME=C:\Program Files\Apache NetBeans\jdk
PATH=C:\Program Files\Python313\Scripts\;C:\Program Files\Python313\;C:\Program Files\Common Files\Oracle\Java\javapath;C:\WINDOWS\system32;C:\WINDOWS;C:\WINDOWS\System32\Wbem;C:\WINDOWS\System32\WindowsPowerShell\v1.0\;C:\WINDOWS\System32\OpenSSH\;C:\Program Files (x86)\Microsoft SQL Server\160\Tools\Binn\;C:\Program Files\Microsoft SQL Server\160\Tools\Binn\;C:\Program Files\Microsoft SQL Server\Client SDK\ODBC\170\Tools\Binn\;C:\Program Files\Microsoft SQL Server\160\DTS\Binn\;C:\Program Files (x86)\Microsoft SQL Server\160\DTS\Binn\;C:\Program Files\dotnet\;C:\Program Files\Git\cmd;C:\Users\ADMIN\AppData\Local\Microsoft\WindowsApps;C:\Users\ADMIN\AppData\Local\Programs\Microsoft VS Code\bin;C:\msys64\ucrt64\bin;C:\Users\ADMIN\.dotnet\tools;C:\Program Files\JetBrains\PyCharm 2025.2.1.1\bin;C:\Users\ADMIN\AppData\Local\GitHubDesktop\bin
USERNAME=ADMIN
OS=Windows_NT
PROCESSOR_IDENTIFIER=Intel64 Family 6 Model 154 Stepping 4, GenuineIntel
TMP=C:\Users\ADMIN\AppData\Local\Temp
TEMP=C:\Users\ADMIN\AppData\Local\Temp




Compilation memory statistics disabled.

Periodic native trim disabled

---------------  S Y S T E M  ---------------

OS:
 Windows 11 , 64 bit Build 26100 (10.0.26100.7623)
OS uptime: 0 days 0:39 hours

CPU: total 8 (initial active 8) (4 cores per cpu, 2 threads per core) family 6 model 154 stepping 4 microcode 0x432, cx8, cmov, fxsr, ht, mmx, 3dnowpref, sse, sse2, sse3, ssse3, sse4.1, sse4.2, popcnt, lzcnt, tsc, tscinvbit, avx, avx2, aes, erms, clmul, bmi1, bmi2, adx, sha, fma, vzeroupper, clflush, clflushopt, clwb, serialize, rdtscp, rdpid, fsrm, gfni, f16c, pku, cet_ibt, cet_ss
Processor Information for processor 0
  Max Mhz: 1200, Current Mhz: 1200, Mhz Limit: 1200
Processor Information for processor 1
  Max Mhz: 1200, Current Mhz: 1200, Mhz Limit: 1200
Processor Information for processor 2
  Max Mhz: 1200, Current Mhz: 1200, Mhz Limit: 1200
Processor Information for processor 3
  Max Mhz: 1200, Current Mhz: 1200, Mhz Limit: 1200
Processor Information for processor 4
  Max Mhz: 1200, Current Mhz: 900, Mhz Limit: 900
Processor Information for processor 5
  Max Mhz: 1200, Current Mhz: 900, Mhz Limit: 900
Processor Information for processor 6
  Max Mhz: 1200, Current Mhz: 900, Mhz Limit: 900
Processor Information for processor 7
  Max Mhz: 1200, Current Mhz: 900, Mhz Limit: 900

Memory: 4k page, system-wide physical 7877M (1104M free)
TotalPageFile size 11973M (AvailPageFile size 144M)
current process WorkingSet (physical memory assigned to process): 13M, peak: 13M
current process commit charge ("private bytes"): 60M, peak: 184M

vm_info: OpenJDK 64-Bit Server VM (25.0.1+8-LTS) for windows-amd64 JRE (25.0.1+8-LTS), built on 2025-10-21T00:00:00Z with unknown MS VC++:1942

END.
