#
# There is insufficient memory for the Java Runtime Environment to continue.
# Native memory allocation (malloc) failed to allocate 1817112 bytes. Error detail: Chunk::new
# Possible reasons:
#   The system is out of physical RAM or swap space
#   This process is running with CompressedOops enabled, and the Java Heap may be blocking the growth of the native heap
# Possible solutions:
#   Reduce memory load on the system
#   Increase physical memory or swap space
#   Check if swap backing store is full
#   Decrease Java heap size (-Xmx/-Xms)
#   Decrease number of Java threads
#   Decrease Java thread stack sizes (-Xss)
#   Set larger code cache with -XX:ReservedCodeCacheSize=
#   JVM is running with Unscaled Compressed Oops mode in which the Java heap is
#     placed in the first 4GB address space. The Java Heap base address is the
#     maximum limit for the native heap growth. Please use -XX:HeapBaseMinAddress
#     to set the Java Heap base and to place the Java Heap above 4GB virtual address.
# This output file may be truncated or incomplete.
#
#  Out of Memory Error (arena.cpp:186), pid=11192, tid=2148
#
# JRE version: OpenJDK Runtime Environment Temurin-25.0.1+8 (25.0.1+8) (build 25.0.1+8-LTS)
# Java VM: OpenJDK 64-Bit Server VM Temurin-25.0.1+8 (25.0.1+8-LTS, mixed mode, sharing, tiered, compressed oops, compressed class ptrs, g1 gc, windows-amd64)
# No core dump will be written. Minidumps are not enabled by default on client versions of Windows
#

---------------  S U M M A R Y ------------

Command Line: --enable-native-access=ALL-UNNAMED -Dclassworlds.conf=C:\Program Files\Apache NetBeans\java\maven\bin\m2.conf -Dmaven.home=C:\Program Files\Apache NetBeans\java\maven -Dlibrary.jansi.path=C:\Program Files\Apache NetBeans\java\maven\lib\jansi-native -Dmaven.multiModuleProjectDirectory=D:\prog3003-BIT242338-VuTungDuong\chapter3\SimpleJDBC11 org.codehaus.plexus.classworlds.launcher.Launcher -Dexec.vmArgs= -Dexec.args=${exec.vmArgs} -classpath %classpath ${exec.mainClass} ${exec.appArgs} -Dexec.appArgs= -Dexec.mainClass=Main -Dexec.executable=C:\Program Files\Apache NetBeans\jdk\bin\java.exe -Dmaven.ext.class.path=C:\Program Files\Apache NetBeans\java\maven-nblib\netbeans-eventspy.jar --no-transfer-progress process-classes org.codehaus.mojo:exec-maven-plugin:3.5.1:exec

Host: 12th Gen Intel(R) Core(TM) i3-1215U, 8 cores, 7G,  Windows 11 , 64 bit Build 26100 (10.0.26100.7623)
Time: Tue Feb  3 09:20:45 2026 SE Asia Standard Time elapsed time: 4.611217 seconds (0d 0h 0m 4s)

---------------  T H R E A D  ---------------

Current thread (0x0000022c3d4a8860):  JavaThread "C2 CompilerThread0" daemon [_thread_in_native, id=2148, stack(0x000000beca900000,0x000000becaa00000) (1024K)]


Current CompileTask:
C2:4611 2579       4       java.lang.reflect.Executable::getAnnotation (23 bytes)

Stack: [0x000000beca900000,0x000000becaa00000]
Native frames: (J=compiled Java code, j=interpreted, Vv=VM code, C=native code)
V  [jvm.dll+0x7a8379]  (no source info available)
V  [jvm.dll+0x7729fd]  (no source info available)
V  [jvm.dll+0x9f57b3]  (no source info available)
V  [jvm.dll+0x9f7da1]  (no source info available)
V  [jvm.dll+0x9f84a3]  (no source info available)
V  [jvm.dll+0x2fcd26]  (no source info available)
V  [jvm.dll+0x111086]  (no source info available)
V  [jvm.dll+0x1113ae]  (no source info available)
V  [jvm.dll+0x1a01a2]  (no source info available)
V  [jvm.dll+0x3b5e72]  (no source info available)
V  [jvm.dll+0x7adcec]  (no source info available)
V  [jvm.dll+0x2c0327]  (no source info available)
V  [jvm.dll+0x2bf2ef]  (no source info available)
V  [jvm.dll+0x237300]  (no source info available)
V  [jvm.dll+0x2cf386]  (no source info available)
V  [jvm.dll+0x2cd60a]  (no source info available)
V  [jvm.dll+0x48f64e]  (no source info available)
V  [jvm.dll+0x99630d]  (no source info available)
V  [jvm.dll+0x7a6955]  (no source info available)
C  [ucrtbase.dll+0x37b0]  (no source info available)
C  [KERNEL32.DLL+0x2e8d7]  (no source info available)
C  [ntdll.dll+0x8c53c]  (no source info available)

Lock stack of current Java thread (top to bottom):


---------------  P R O C E S S  ---------------

Threads class SMR info:
_java_thread_list=0x0000022c430c6570, length=13, elements={
0x0000022c1e212dd0, 0x0000022c3d48ad50, 0x0000022c3d48b510, 0x0000022c3d48dcc0,
0x0000022c3d48efd0, 0x0000022c3d49c4c0, 0x0000022c3d49e510, 0x0000022c3d4a8860,
0x0000022c3d4af580, 0x0000022c3d60ae20, 0x0000022c3d612180, 0x0000022c3d4aed70,
0x0000022c42d5be30
}

Java Threads: ( => current thread )
  0x0000022c1e212dd0 JavaThread "main"                              [_thread_in_vm, id=3988, stack(0x000000bec9b00000,0x000000bec9c00000) (1024K)]
  0x0000022c3d48ad50 JavaThread "Reference Handler"          daemon [_thread_blocked, id=16412, stack(0x000000beca300000,0x000000beca400000) (1024K)]
  0x0000022c3d48b510 JavaThread "Finalizer"                  daemon [_thread_blocked, id=2516, stack(0x000000beca400000,0x000000beca500000) (1024K)]
  0x0000022c3d48dcc0 JavaThread "Signal Dispatcher"          daemon [_thread_blocked, id=17324, stack(0x000000beca500000,0x000000beca600000) (1024K)]
  0x0000022c3d48efd0 JavaThread "Attach Listener"            daemon [_thread_blocked, id=17684, stack(0x000000beca600000,0x000000beca700000) (1024K)]
  0x0000022c3d49c4c0 JavaThread "Service Thread"             daemon [_thread_blocked, id=18324, stack(0x000000beca700000,0x000000beca800000) (1024K)]
  0x0000022c3d49e510 JavaThread "Monitor Deflation Thread"   daemon [_thread_blocked, id=1216, stack(0x000000beca800000,0x000000beca900000) (1024K)]
=>0x0000022c3d4a8860 JavaThread "C2 CompilerThread0"         daemon [_thread_in_native, id=2148, stack(0x000000beca900000,0x000000becaa00000) (1024K)]
  0x0000022c3d4af580 JavaThread "C1 CompilerThread0"         daemon [_thread_in_vm, id=6464, stack(0x000000becaa00000,0x000000becab00000) (1024K)]
  0x0000022c3d60ae20 JavaThread "Notification Thread"        daemon [_thread_blocked, id=20332, stack(0x000000becab00000,0x000000becac00000) (1024K)]
  0x0000022c3d612180 JavaThread "Common-Cleaner"             daemon [_thread_blocked, id=4768, stack(0x000000becac00000,0x000000becad00000) (1024K)]
  0x0000022c3d4aed70 JavaThread "C2 CompilerThread1"         daemon [_thread_blocked, id=20276, stack(0x000000becad00000,0x000000becae00000) (1024K)]
  0x0000022c42d5be30 JavaThread "C2 CompilerThread2"         daemon [_thread_blocked, id=11160, stack(0x000000becae00000,0x000000becaf00000) (1024K)]
Total: 13

Other Threads:
  0x0000022c3d47aaa0 VMThread "VM Thread"                           [id=5224, stack(0x000000beca200000,0x000000beca300000) (1024K)]
  0x0000022c3d469ef0 WatcherThread "VM Periodic Task Thread"        [id=1704, stack(0x000000beca100000,0x000000beca200000) (1024K)]
  0x0000022c206568f0 WorkerThread "GC Thread#0"                     [id=19916, stack(0x000000bec9c00000,0x000000bec9d00000) (1024K)]
  0x0000022c42c11da0 WorkerThread "GC Thread#1"                     [id=7784, stack(0x000000becaf00000,0x000000becb000000) (1024K)]
  0x0000022c42c121d0 WorkerThread "GC Thread#2"                     [id=16212, stack(0x000000becb000000,0x000000becb100000) (1024K)]
  0x0000022c430400a0 WorkerThread "GC Thread#3"                     [id=11344, stack(0x000000becb100000,0x000000becb200000) (1024K)]
  0x0000022c430408e0 WorkerThread "GC Thread#4"                     [id=11760, stack(0x000000becb200000,0x000000becb300000) (1024K)]
  0x0000022c2066eb20 ConcurrentGCThread "G1 Main Marker"            [id=9132, stack(0x000000bec9d00000,0x000000bec9e00000) (1024K)]
  0x0000022c206705b0 WorkerThread "G1 Conc#0"                       [id=14060, stack(0x000000bec9e00000,0x000000bec9f00000) (1024K)]
  0x0000022c206be430 ConcurrentGCThread "G1 Refine#0"               [id=16380, stack(0x000000bec9f00000,0x000000beca000000) (1024K)]
  0x0000022c3d3390e0 ConcurrentGCThread "G1 Service"                [id=17368, stack(0x000000beca000000,0x000000beca100000) (1024K)]
Total: 11

Threads with active compile tasks:
C2 CompilerThread0  4663 2579       4       java.lang.reflect.Executable::getAnnotation (23 bytes)
C1 CompilerThread0  4663 2741       3       java.lang.invoke.DirectMethodHandle$Constructor::<init> (44 bytes)
Total: 2

VM state: not at safepoint (normal execution)

VM Mutex/Monitor currently owned by a thread: None

Heap address: 0x0000000084e00000, size: 1970 MB, Compressed Oops mode: 32-bit

CDS archive(s) mapped at: [0x0000000036000000-0x0000000036dd0000-0x0000000036dd0000), size 14483456, SharedBaseAddress: 0x0000000036000000, ArchiveRelocationMode: 1.
Compressed class space mapped at: 0x0000000037000000-0x0000000077000000, reserved size: 1073741824
UseCompressedClassPointers 1, UseCompactObjectHeaders 0
Narrow klass pointer bits 32, Max shift 3
Narrow klass base: 0x0000000036000000, Narrow klass shift: 0
Encoding Range: [0x0000000036000000 - 0x0000000136000000), (4294967296 bytes)
Klass Range:    [0x0000000036010000 - 0x0000000077000000), (1090453504 bytes)
Klass ID Range:  [65536 - 1090519033) (1090453497)
Protection zone: [0x0000000036000000 - 0x0000000036010000), (65536 bytes)

GC Precious Log:
 CardTable entry size: 512
 Card Set container configuration: InlinePtr #cards 5 size 8 Array Of Cards #cards 10 size 36 Howl #buckets 4 coarsen threshold 1843 Howl Bitmap #cards 512 size 80 coarsen threshold 460 Card regions per heap region 1 cards per card region 2048
 CPUs: 8 total, 8 available
 Memory: 7877M
 Large Page Support: Disabled
 NUMA Support: Disabled
 Compressed Oops: Enabled (32-bit)
 Heap Region Size: 1M
 Heap Min Capacity: 8M
 Heap Initial Capacity: 124M
 Heap Max Capacity: 1970M
 Pre-touch: Disabled
 Parallel Workers: 8
 Concurrent Workers: 2
 Concurrent Refinement Workers: 8
 Periodic GC: Disabled

Heap:
 garbage-first heap   total reserved 2017280K, committed 129024K, used 16872K [0x0000000084e00000, 0x0000000100000000)
  region size 1024K, 17 young (17408K), 5 survivors (5120K)

Heap Regions: E=young(eden), S=young(survivor), O=old, HS=humongous(starts), HC=humongous(continues), CS=collection set, F=free, TAMS=top-at-mark-start, PB=parsable bottom
|   0|0x0000000084e00000, 0x0000000084e00000, 0x0000000084f00000|  0%| F|  |TAMS 0x0000000084e00000| PB 0x0000000084e00000| Untracked |  0
|   1|0x0000000084f00000, 0x0000000084f00000, 0x0000000085000000|  0%| F|  |TAMS 0x0000000084f00000| PB 0x0000000084f00000| Untracked |  0
|   2|0x0000000085000000, 0x0000000085000000, 0x0000000085100000|  0%| F|  |TAMS 0x0000000085000000| PB 0x0000000085000000| Untracked |  0
|   3|0x0000000085100000, 0x0000000085100000, 0x0000000085200000|  0%| F|  |TAMS 0x0000000085100000| PB 0x0000000085100000| Untracked |  0
|   4|0x0000000085200000, 0x0000000085200000, 0x0000000085300000|  0%| F|  |TAMS 0x0000000085200000| PB 0x0000000085200000| Untracked |  0
|   5|0x0000000085300000, 0x0000000085300000, 0x0000000085400000|  0%| F|  |TAMS 0x0000000085300000| PB 0x0000000085300000| Untracked |  0
|   6|0x0000000085400000, 0x0000000085400000, 0x0000000085500000|  0%| F|  |TAMS 0x0000000085400000| PB 0x0000000085400000| Untracked |  0
|   7|0x0000000085500000, 0x0000000085500000, 0x0000000085600000|  0%| F|  |TAMS 0x0000000085500000| PB 0x0000000085500000| Untracked |  0
|   8|0x0000000085600000, 0x0000000085600000, 0x0000000085700000|  0%| F|  |TAMS 0x0000000085600000| PB 0x0000000085600000| Untracked |  0
|   9|0x0000000085700000, 0x0000000085700000, 0x0000000085800000|  0%| F|  |TAMS 0x0000000085700000| PB 0x0000000085700000| Untracked |  0
|  10|0x0000000085800000, 0x0000000085800000, 0x0000000085900000|  0%| F|  |TAMS 0x0000000085800000| PB 0x0000000085800000| Untracked |  0
|  11|0x0000000085900000, 0x0000000085900000, 0x0000000085a00000|  0%| F|  |TAMS 0x0000000085900000| PB 0x0000000085900000| Untracked |  0
|  12|0x0000000085a00000, 0x0000000085a00000, 0x0000000085b00000|  0%| F|  |TAMS 0x0000000085a00000| PB 0x0000000085a00000| Untracked |  0
|  13|0x0000000085b00000, 0x0000000085b00000, 0x0000000085c00000|  0%| F|  |TAMS 0x0000000085b00000| PB 0x0000000085b00000| Untracked |  0
|  14|0x0000000085c00000, 0x0000000085c00000, 0x0000000085d00000|  0%| F|  |TAMS 0x0000000085c00000| PB 0x0000000085c00000| Untracked |  0
|  15|0x0000000085d00000, 0x0000000085d00000, 0x0000000085e00000|  0%| F|  |TAMS 0x0000000085d00000| PB 0x0000000085d00000| Untracked |  0
|  16|0x0000000085e00000, 0x0000000085e00000, 0x0000000085f00000|  0%| F|  |TAMS 0x0000000085e00000| PB 0x0000000085e00000| Untracked |  0
|  17|0x0000000085f00000, 0x0000000085f00000, 0x0000000086000000|  0%| F|  |TAMS 0x0000000085f00000| PB 0x0000000085f00000| Untracked |  0
|  18|0x0000000086000000, 0x0000000086000000, 0x0000000086100000|  0%| F|  |TAMS 0x0000000086000000| PB 0x0000000086000000| Untracked |  0
|  19|0x0000000086100000, 0x0000000086100000, 0x0000000086200000|  0%| F|  |TAMS 0x0000000086100000| PB 0x0000000086100000| Untracked |  0
|  20|0x0000000086200000, 0x0000000086200000, 0x0000000086300000|  0%| F|  |TAMS 0x0000000086200000| PB 0x0000000086200000| Untracked |  0
|  21|0x0000000086300000, 0x0000000086300000, 0x0000000086400000|  0%| F|  |TAMS 0x0000000086300000| PB 0x0000000086300000| Untracked |  0
|  22|0x0000000086400000, 0x0000000086400000, 0x0000000086500000|  0%| F|  |TAMS 0x0000000086400000| PB 0x0000000086400000| Untracked |  0
|  23|0x0000000086500000, 0x0000000086500000, 0x0000000086600000|  0%| F|  |TAMS 0x0000000086500000| PB 0x0000000086500000| Untracked |  0
|  24|0x0000000086600000, 0x0000000086600000, 0x0000000086700000|  0%| F|  |TAMS 0x0000000086600000| PB 0x0000000086600000| Untracked |  0
|  25|0x0000000086700000, 0x0000000086700000, 0x0000000086800000|  0%| F|  |TAMS 0x0000000086700000| PB 0x0000000086700000| Untracked |  0
|  26|0x0000000086800000, 0x0000000086800000, 0x0000000086900000|  0%| F|  |TAMS 0x0000000086800000| PB 0x0000000086800000| Untracked |  0
|  27|0x0000000086900000, 0x0000000086900000, 0x0000000086a00000|  0%| F|  |TAMS 0x0000000086900000| PB 0x0000000086900000| Untracked |  0
|  28|0x0000000086a00000, 0x0000000086a00000, 0x0000000086b00000|  0%| F|  |TAMS 0x0000000086a00000| PB 0x0000000086a00000| Untracked |  0
|  29|0x0000000086b00000, 0x0000000086b00000, 0x0000000086c00000|  0%| F|  |TAMS 0x0000000086b00000| PB 0x0000000086b00000| Untracked |  0
|  30|0x0000000086c00000, 0x0000000086c00000, 0x0000000086d00000|  0%| F|  |TAMS 0x0000000086c00000| PB 0x0000000086c00000| Untracked |  0
|  31|0x0000000086d00000, 0x0000000086d00000, 0x0000000086e00000|  0%| F|  |TAMS 0x0000000086d00000| PB 0x0000000086d00000| Untracked |  0
|  32|0x0000000086e00000, 0x0000000086e00000, 0x0000000086f00000|  0%| F|  |TAMS 0x0000000086e00000| PB 0x0000000086e00000| Untracked |  0
|  33|0x0000000086f00000, 0x0000000086f00000, 0x0000000087000000|  0%| F|  |TAMS 0x0000000086f00000| PB 0x0000000086f00000| Untracked |  0
|  34|0x0000000087000000, 0x0000000087000000, 0x0000000087100000|  0%| F|  |TAMS 0x0000000087000000| PB 0x0000000087000000| Untracked |  0
|  35|0x0000000087100000, 0x0000000087100000, 0x0000000087200000|  0%| F|  |TAMS 0x0000000087100000| PB 0x0000000087100000| Untracked |  0
|  36|0x0000000087200000, 0x0000000087200000, 0x0000000087300000|  0%| F|  |TAMS 0x0000000087200000| PB 0x0000000087200000| Untracked |  0
|  37|0x0000000087300000, 0x0000000087300000, 0x0000000087400000|  0%| F|  |TAMS 0x0000000087300000| PB 0x0000000087300000| Untracked |  0
|  38|0x0000000087400000, 0x0000000087400000, 0x0000000087500000|  0%| F|  |TAMS 0x0000000087400000| PB 0x0000000087400000| Untracked |  0
|  39|0x0000000087500000, 0x0000000087500000, 0x0000000087600000|  0%| F|  |TAMS 0x0000000087500000| PB 0x0000000087500000| Untracked |  0
|  40|0x0000000087600000, 0x0000000087600000, 0x0000000087700000|  0%| F|  |TAMS 0x0000000087600000| PB 0x0000000087600000| Untracked |  0
|  41|0x0000000087700000, 0x0000000087700000, 0x0000000087800000|  0%| F|  |TAMS 0x0000000087700000| PB 0x0000000087700000| Untracked |  0
|  42|0x0000000087800000, 0x0000000087800000, 0x0000000087900000|  0%| F|  |TAMS 0x0000000087800000| PB 0x0000000087800000| Untracked |  0
|  43|0x0000000087900000, 0x0000000087900000, 0x0000000087a00000|  0%| F|  |TAMS 0x0000000087900000| PB 0x0000000087900000| Untracked |  0
|  44|0x0000000087a00000, 0x0000000087a00000, 0x0000000087b00000|  0%| F|  |TAMS 0x0000000087a00000| PB 0x0000000087a00000| Untracked |  0
|  45|0x0000000087b00000, 0x0000000087b00000, 0x0000000087c00000|  0%| F|  |TAMS 0x0000000087b00000| PB 0x0000000087b00000| Untracked |  0
|  46|0x0000000087c00000, 0x0000000087c00000, 0x0000000087d00000|  0%| F|  |TAMS 0x0000000087c00000| PB 0x0000000087c00000| Untracked |  0
|  47|0x0000000087d00000, 0x0000000087d00000, 0x0000000087e00000|  0%| F|  |TAMS 0x0000000087d00000| PB 0x0000000087d00000| Untracked |  0
|  48|0x0000000087e00000, 0x0000000087e00000, 0x0000000087f00000|  0%| F|  |TAMS 0x0000000087e00000| PB 0x0000000087e00000| Untracked |  0
|  49|0x0000000087f00000, 0x0000000087f00000, 0x0000000088000000|  0%| F|  |TAMS 0x0000000087f00000| PB 0x0000000087f00000| Untracked |  0
|  50|0x0000000088000000, 0x0000000088000000, 0x0000000088100000|  0%| F|  |TAMS 0x0000000088000000| PB 0x0000000088000000| Untracked |  0
|  51|0x0000000088100000, 0x0000000088100000, 0x0000000088200000|  0%| F|  |TAMS 0x0000000088100000| PB 0x0000000088100000| Untracked |  0
|  52|0x0000000088200000, 0x0000000088200000, 0x0000000088300000|  0%| F|  |TAMS 0x0000000088200000| PB 0x0000000088200000| Untracked |  0
|  53|0x0000000088300000, 0x0000000088300000, 0x0000000088400000|  0%| F|  |TAMS 0x0000000088300000| PB 0x0000000088300000| Untracked |  0
|  54|0x0000000088400000, 0x0000000088400000, 0x0000000088500000|  0%| F|  |TAMS 0x0000000088400000| PB 0x0000000088400000| Untracked |  0
|  55|0x0000000088500000, 0x0000000088500000, 0x0000000088600000|  0%| F|  |TAMS 0x0000000088500000| PB 0x0000000088500000| Untracked |  0
|  56|0x0000000088600000, 0x0000000088600000, 0x0000000088700000|  0%| F|  |TAMS 0x0000000088600000| PB 0x0000000088600000| Untracked |  0
|  57|0x0000000088700000, 0x0000000088700000, 0x0000000088800000|  0%| F|  |TAMS 0x0000000088700000| PB 0x0000000088700000| Untracked |  0
|  58|0x0000000088800000, 0x0000000088800000, 0x0000000088900000|  0%| F|  |TAMS 0x0000000088800000| PB 0x0000000088800000| Untracked |  0
|  59|0x0000000088900000, 0x0000000088900000, 0x0000000088a00000|  0%| F|  |TAMS 0x0000000088900000| PB 0x0000000088900000| Untracked |  0
|  60|0x0000000088a00000, 0x0000000088a00000, 0x0000000088b00000|  0%| F|  |TAMS 0x0000000088a00000| PB 0x0000000088a00000| Untracked |  0
|  61|0x0000000088b00000, 0x0000000088b00000, 0x0000000088c00000|  0%| F|  |TAMS 0x0000000088b00000| PB 0x0000000088b00000| Untracked |  0
|  62|0x0000000088c00000, 0x0000000088c00000, 0x0000000088d00000|  0%| F|  |TAMS 0x0000000088c00000| PB 0x0000000088c00000| Untracked |  0
|  63|0x0000000088d00000, 0x0000000088d00000, 0x0000000088e00000|  0%| F|  |TAMS 0x0000000088d00000| PB 0x0000000088d00000| Untracked |  0
|  64|0x0000000088e00000, 0x0000000088e00000, 0x0000000088f00000|  0%| F|  |TAMS 0x0000000088e00000| PB 0x0000000088e00000| Untracked |  0
|  65|0x0000000088f00000, 0x0000000088f00000, 0x0000000089000000|  0%| F|  |TAMS 0x0000000088f00000| PB 0x0000000088f00000| Untracked |  0
|  66|0x0000000089000000, 0x0000000089000000, 0x0000000089100000|  0%| F|  |TAMS 0x0000000089000000| PB 0x0000000089000000| Untracked |  0
|  67|0x0000000089100000, 0x0000000089100000, 0x0000000089200000|  0%| F|  |TAMS 0x0000000089100000| PB 0x0000000089100000| Untracked |  0
|  68|0x0000000089200000, 0x0000000089200000, 0x0000000089300000|  0%| F|  |TAMS 0x0000000089200000| PB 0x0000000089200000| Untracked |  0
|  69|0x0000000089300000, 0x0000000089300000, 0x0000000089400000|  0%| F|  |TAMS 0x0000000089300000| PB 0x0000000089300000| Untracked |  0
|  70|0x0000000089400000, 0x0000000089400000, 0x0000000089500000|  0%| F|  |TAMS 0x0000000089400000| PB 0x0000000089400000| Untracked |  0
|  71|0x0000000089500000, 0x0000000089500000, 0x0000000089600000|  0%| F|  |TAMS 0x0000000089500000| PB 0x0000000089500000| Untracked |  0
|  72|0x0000000089600000, 0x0000000089655540, 0x0000000089700000| 33%| S|CS|TAMS 0x0000000089600000| PB 0x0000000089600000| Complete |  0
|  73|0x0000000089700000, 0x0000000089800000, 0x0000000089800000|100%| S|CS|TAMS 0x0000000089700000| PB 0x0000000089700000| Complete |  0
|  74|0x0000000089800000, 0x0000000089900000, 0x0000000089900000|100%| S|CS|TAMS 0x0000000089800000| PB 0x0000000089800000| Complete |  0
|  75|0x0000000089900000, 0x0000000089a00000, 0x0000000089a00000|100%| S|CS|TAMS 0x0000000089900000| PB 0x0000000089900000| Complete |  0
|  76|0x0000000089a00000, 0x0000000089b00000, 0x0000000089b00000|100%| S|CS|TAMS 0x0000000089a00000| PB 0x0000000089a00000| Complete |  0
|  77|0x0000000089b00000, 0x0000000089b00000, 0x0000000089c00000|  0%| F|  |TAMS 0x0000000089b00000| PB 0x0000000089b00000| Untracked |  0
|  78|0x0000000089c00000, 0x0000000089c00000, 0x0000000089d00000|  0%| F|  |TAMS 0x0000000089c00000| PB 0x0000000089c00000| Untracked |  0
|  79|0x0000000089d00000, 0x0000000089d00000, 0x0000000089e00000|  0%| F|  |TAMS 0x0000000089d00000| PB 0x0000000089d00000| Untracked |  0
|  80|0x0000000089e00000, 0x0000000089e00000, 0x0000000089f00000|  0%| F|  |TAMS 0x0000000089e00000| PB 0x0000000089e00000| Untracked |  0
|  81|0x0000000089f00000, 0x0000000089f00000, 0x000000008a000000|  0%| F|  |TAMS 0x0000000089f00000| PB 0x0000000089f00000| Untracked |  0
|  82|0x000000008a000000, 0x000000008a000000, 0x000000008a100000|  0%| F|  |TAMS 0x000000008a000000| PB 0x000000008a000000| Untracked |  0
|  83|0x000000008a100000, 0x000000008a100000, 0x000000008a200000|  0%| F|  |TAMS 0x000000008a100000| PB 0x000000008a100000| Untracked |  0
|  84|0x000000008a200000, 0x000000008a200000, 0x000000008a300000|  0%| F|  |TAMS 0x000000008a200000| PB 0x000000008a200000| Untracked |  0
|  85|0x000000008a300000, 0x000000008a300000, 0x000000008a400000|  0%| F|  |TAMS 0x000000008a300000| PB 0x000000008a300000| Untracked |  0
|  86|0x000000008a400000, 0x000000008a400000, 0x000000008a500000|  0%| F|  |TAMS 0x000000008a400000| PB 0x000000008a400000| Untracked |  0
|  87|0x000000008a500000, 0x000000008a500000, 0x000000008a600000|  0%| F|  |TAMS 0x000000008a500000| PB 0x000000008a500000| Untracked |  0
|  88|0x000000008a600000, 0x000000008a600000, 0x000000008a700000|  0%| F|  |TAMS 0x000000008a600000| PB 0x000000008a600000| Untracked |  0
|  89|0x000000008a700000, 0x000000008a700000, 0x000000008a800000|  0%| F|  |TAMS 0x000000008a700000| PB 0x000000008a700000| Untracked |  0
|  90|0x000000008a800000, 0x000000008a800000, 0x000000008a900000|  0%| F|  |TAMS 0x000000008a800000| PB 0x000000008a800000| Untracked |  0
|  91|0x000000008a900000, 0x000000008a900000, 0x000000008aa00000|  0%| F|  |TAMS 0x000000008a900000| PB 0x000000008a900000| Untracked |  0
|  92|0x000000008aa00000, 0x000000008aa00000, 0x000000008ab00000|  0%| F|  |TAMS 0x000000008aa00000| PB 0x000000008aa00000| Untracked |  0
|  93|0x000000008ab00000, 0x000000008ab00000, 0x000000008ac00000|  0%| F|  |TAMS 0x000000008ab00000| PB 0x000000008ab00000| Untracked |  0
|  94|0x000000008ac00000, 0x000000008ac00000, 0x000000008ad00000|  0%| F|  |TAMS 0x000000008ac00000| PB 0x000000008ac00000| Untracked |  0
|  95|0x000000008ad00000, 0x000000008ad00000, 0x000000008ae00000|  0%| F|  |TAMS 0x000000008ad00000| PB 0x000000008ad00000| Untracked |  0
|  96|0x000000008ae00000, 0x000000008ae00000, 0x000000008af00000|  0%| F|  |TAMS 0x000000008ae00000| PB 0x000000008ae00000| Untracked |  0
|  97|0x000000008af00000, 0x000000008af00000, 0x000000008b000000|  0%| F|  |TAMS 0x000000008af00000| PB 0x000000008af00000| Untracked |  0
|  98|0x000000008b000000, 0x000000008b000000, 0x000000008b100000|  0%| F|  |TAMS 0x000000008b000000| PB 0x000000008b000000| Untracked |  0
|  99|0x000000008b100000, 0x000000008b100000, 0x000000008b200000|  0%| F|  |TAMS 0x000000008b100000| PB 0x000000008b100000| Untracked |  0
| 100|0x000000008b200000, 0x000000008b200000, 0x000000008b300000|  0%| F|  |TAMS 0x000000008b200000| PB 0x000000008b200000| Untracked |  0
| 101|0x000000008b300000, 0x000000008b300000, 0x000000008b400000|  0%| F|  |TAMS 0x000000008b300000| PB 0x000000008b300000| Untracked |  0
| 102|0x000000008b400000, 0x000000008b400000, 0x000000008b500000|  0%| F|  |TAMS 0x000000008b400000| PB 0x000000008b400000| Untracked |  0
| 103|0x000000008b500000, 0x000000008b500000, 0x000000008b600000|  0%| F|  |TAMS 0x000000008b500000| PB 0x000000008b500000| Untracked |  0
| 104|0x000000008b600000, 0x000000008b600000, 0x000000008b700000|  0%| F|  |TAMS 0x000000008b600000| PB 0x000000008b600000| Untracked |  0
| 105|0x000000008b700000, 0x000000008b700000, 0x000000008b800000|  0%| F|  |TAMS 0x000000008b700000| PB 0x000000008b700000| Untracked |  0
| 106|0x000000008b800000, 0x000000008b800000, 0x000000008b900000|  0%| F|  |TAMS 0x000000008b800000| PB 0x000000008b800000| Untracked |  0
| 107|0x000000008b900000, 0x000000008b900000, 0x000000008ba00000|  0%| F|  |TAMS 0x000000008b900000| PB 0x000000008b900000| Untracked |  0
| 108|0x000000008ba00000, 0x000000008ba00000, 0x000000008bb00000|  0%| F|  |TAMS 0x000000008ba00000| PB 0x000000008ba00000| Untracked |  0
| 109|0x000000008bb00000, 0x000000008bb00000, 0x000000008bc00000|  0%| F|  |TAMS 0x000000008bb00000| PB 0x000000008bb00000| Untracked |  0
| 110|0x000000008bc00000, 0x000000008bc00000, 0x000000008bd00000|  0%| F|  |TAMS 0x000000008bc00000| PB 0x000000008bc00000| Untracked |  0
| 111|0x000000008bd00000, 0x000000008bd00000, 0x000000008be00000|  0%| F|  |TAMS 0x000000008bd00000| PB 0x000000008bd00000| Untracked |  0
| 112|0x000000008be00000, 0x000000008be80000, 0x000000008bf00000| 50%| E|  |TAMS 0x000000008be00000| PB 0x000000008be00000| Complete |  0
| 113|0x000000008bf00000, 0x000000008c000000, 0x000000008c000000|100%| E|CS|TAMS 0x000000008bf00000| PB 0x000000008bf00000| Complete |  0
| 114|0x000000008c000000, 0x000000008c100000, 0x000000008c100000|100%| E|CS|TAMS 0x000000008c000000| PB 0x000000008c000000| Complete |  0
| 115|0x000000008c100000, 0x000000008c200000, 0x000000008c200000|100%| E|CS|TAMS 0x000000008c100000| PB 0x000000008c100000| Complete |  0
| 116|0x000000008c200000, 0x000000008c300000, 0x000000008c300000|100%| E|CS|TAMS 0x000000008c200000| PB 0x000000008c200000| Complete |  0
| 117|0x000000008c300000, 0x000000008c400000, 0x000000008c400000|100%| E|CS|TAMS 0x000000008c300000| PB 0x000000008c300000| Complete |  0
| 118|0x000000008c400000, 0x000000008c500000, 0x000000008c500000|100%| E|CS|TAMS 0x000000008c400000| PB 0x000000008c400000| Complete |  0
| 119|0x000000008c500000, 0x000000008c600000, 0x000000008c600000|100%| E|CS|TAMS 0x000000008c500000| PB 0x000000008c500000| Complete |  0
| 120|0x000000008c600000, 0x000000008c700000, 0x000000008c700000|100%| E|CS|TAMS 0x000000008c600000| PB 0x000000008c600000| Complete |  0
| 121|0x000000008c700000, 0x000000008c800000, 0x000000008c800000|100%| E|CS|TAMS 0x000000008c700000| PB 0x000000008c700000| Complete |  0
| 122|0x000000008c800000, 0x000000008c900000, 0x000000008c900000|100%| E|CS|TAMS 0x000000008c800000| PB 0x000000008c800000| Complete |  0
| 123|0x000000008c900000, 0x000000008ca00000, 0x000000008ca00000|100%| E|CS|TAMS 0x000000008c900000| PB 0x000000008c900000| Complete |  0
|1968|0x00000000ffe00000, 0x00000000fff00000, 0x00000000fff00000|100%| O|  |TAMS 0x00000000ffe00000| PB 0x00000000ffe00000| Untracked |  0
|1969|0x00000000fff00000, 0x00000000fff24ea8, 0x0000000100000000| 14%| O|  |TAMS 0x00000000fff00000| PB 0x00000000fff00000| Untracked |  0

Card table byte_map: [0x0000022c38800000,0x0000022c38be0000] _byte_map_base: 0x0000022c383d9000

Marking Bits: (CMBitMap*) 0x0000022c20657080
 Bits: [0x0000022c38be0000, 0x0000022c3aaa8000)

Polling page: 0x0000022c1e460000

Metaspace:
Metaspace        used 11653K, committed 11904K, reserved 1114112K
 class space     used 1093K, committed 1216K, reserved 1048576K

Usage:
  Non-class:     10.31 MB used.
      Class:      1.07 MB used.
       Both:     11.38 MB used.

Virtual space:
  Non-class space:       64.00 MB reserved,      10.44 MB ( 16%) committed,  1 nodes.
      Class space:        1.00 GB reserved,       1.19 MB ( <1%) committed,  1 nodes.
             Both:        1.06 GB reserved,      11.62 MB (  1%) committed. 

Chunk freelists:
   Non-Class:  4.41 MB
       Class:  14.84 MB
        Both:  19.25 MB

MaxMetaspaceSize: unlimited
CompressedClassSpaceSize: 1.00 GB
Initial GC threshold: 21.00 MB
Current GC threshold: 21.00 MB
CDS: on
 - commit_granule_bytes: 65536.
 - commit_granule_words: 8192.
 - virtual_space_node_default_size: 8388608.
 - enlarge_chunks_in_place: 1.
UseCompressedClassPointers 1, UseCompactObjectHeaders 0
Narrow klass pointer bits 32, Max shift 3
Narrow klass base: 0x0000000036000000, Narrow klass shift: 0
Encoding Range: [0x0000000036000000 - 0x0000000136000000), (4294967296 bytes)
Klass Range:    [0x0000000036010000 - 0x0000000077000000), (1090453504 bytes)
Klass ID Range:  [65536 - 1090519033) (1090453497)
Protection zone: [0x0000000036000000 - 0x0000000036010000), (65536 bytes)


Internal statistics:

num_allocs_failed_limit: 0.
num_arena_births: 114.
num_arena_deaths: 0.
num_vsnodes_births: 2.
num_vsnodes_deaths: 0.
num_space_committed: 186.
num_space_uncommitted: 0.
num_chunks_returned_to_freelist: 0.
num_chunks_taken_from_freelist: 506.
num_chunk_merges: 0.
num_chunk_splits: 356.
num_chunks_enlarged: 279.
num_inconsistent_stats: 0.

CodeHeap 'non-profiled nmethods': size=120064Kb used=748Kb max_used=748Kb free=119316Kb
 bounds [0x0000022c30bb0000, 0x0000022c30e20000, 0x0000022c380f0000]
CodeHeap 'profiled nmethods': size=120000Kb used=4221Kb max_used=4221Kb free=115778Kb
 bounds [0x0000022c290f0000, 0x0000022c29510000, 0x0000022c30620000]
CodeHeap 'non-nmethods': size=5696Kb used=1382Kb max_used=1409Kb free=4313Kb
 bounds [0x0000022c30620000, 0x0000022c30890000, 0x0000022c30bb0000]
CodeCache: size=245760Kb, used=6351Kb, max_used=6378Kb, free=239407Kb
 total_blobs=3237, nmethods=2733, adapters=406, full_count=0
Compilation: enabled, stopped_count=0, restarted_count=0

Compilation events (20 events):
Event: 3.608 Thread 0x0000022c3d4af580 2527       3       com.google.inject.internal.ProviderInstanceBindingImpl::acceptTargetVisitor (33 bytes)
Event: 3.608 Thread 0x0000022c3d4af580 nmethod 2527 0x0000022c294bce08 code [0x0000022c294bcf00, 0x0000022c294bd3d0]
Event: 3.608 Thread 0x0000022c3d4af580 2489       3       com.google.inject.Key::equals (55 bytes)
Event: 3.608 Thread 0x0000022c3d4af580 nmethod 2489 0x0000022c294bd408 code [0x0000022c294bd500, 0x0000022c294bdc18]
Event: 3.608 Thread 0x0000022c3d4af580 2584       1       com.google.inject.internal.KotlinSupport$KotlinUnsupported::isLocalClass (2 bytes)
Event: 3.608 Thread 0x0000022c3d4af580 nmethod 2584 0x0000022c30c66108 code [0x0000022c30c66200, 0x0000022c30c662c8]
Event: 3.608 Thread 0x0000022c3d4af580 2478       3       com.google.common.cache.LocalCache$Segment::postWriteCleanup (5 bytes)
Event: 3.609 Thread 0x0000022c3d4af580 nmethod 2478 0x0000022c294bdc88 code [0x0000022c294bdd80, 0x0000022c294be218]
Event: 3.609 Thread 0x0000022c3d4af580 2528       3       java.lang.Enum::equals (11 bytes)
Event: 3.609 Thread 0x0000022c3d4af580 nmethod 2528 0x0000022c294be288 code [0x0000022c294be380, 0x0000022c294be4d8]
Event: 3.609 Thread 0x0000022c3d4af580 2497       1       com.google.common.collect.ImmutableCollection::internalArray (2 bytes)
Event: 3.609 Thread 0x0000022c3d4af580 nmethod 2497 0x0000022c30c66408 code [0x0000022c30c66500, 0x0000022c30c665d0]
Event: 3.609 Thread 0x0000022c3d4af580 2499       1       com.google.inject.spi.ProvisionListenerBinding::getBindingMatcher (5 bytes)
Event: 3.609 Thread 0x0000022c3d4af580 nmethod 2499 0x0000022c30c66708 code [0x0000022c30c66800, 0x0000022c30c668c8]
Event: 3.609 Thread 0x0000022c3d4af580 2501       1       com.google.inject.spi.ProvisionListenerBinding::getListeners (5 bytes)
Event: 3.609 Thread 0x0000022c3d4af580 nmethod 2501 0x0000022c30c66a08 code [0x0000022c30c66b00, 0x0000022c30c66bc8]
Event: 3.609 Thread 0x0000022c3d4af580 2521       1       com.google.inject.internal.BindingProcessor::access$000 (5 bytes)
Event: 3.609 Thread 0x0000022c3d4af580 nmethod 2521 0x0000022c30c66d08 code [0x0000022c30c66e00, 0x0000022c30c66ea8]
Event: 3.609 Thread 0x0000022c3d4af580 2534       3       java.nio.HeapByteBuffer::get (14 bytes)
Event: 4.608 Thread 0x0000022c3d4af580 nmethod 2534 0x0000022c294be588 code [0x0000022c294be680, 0x0000022c294be9c8]

GC Heap Usage History (2 events):
Event: 3.337 {heap Before GC invocations=0 (full 0):
 garbage-first heap   total reserved 2017280K, committed 129024K, used 49299K [0x0000000084e00000, 0x0000000100000000)
  region size 1024K, 47 young (48128K), 0 survivors (0K)
}
Event: 3.343 {heap After GC invocations=1 (full 0):
 garbage-first heap   total reserved 2017280K, committed 129024K, used 5608K [0x0000000084e00000, 0x0000000100000000)
  region size 1024K, 5 young (5120K), 5 survivors (5120K)
}

Metaspace Usage History (2 events):
Event: 3.337 {metaspace Before GC invocations=0 (full 0):
 Metaspace       used 9338K, committed 9536K, reserved 1114112K
  class space    used 822K, committed 896K, reserved 1048576K
}
Event: 3.343 {metaspace After GC invocations=1 (full 0):
 Metaspace       used 9338K, committed 9536K, reserved 1114112K
  class space    used 822K, committed 896K, reserved 1048576K
}

Dll operation events (7 events):
Event: 0.011 Loaded shared library C:\Program Files\Apache NetBeans\jdk\bin\java.dll
Event: 0.054 Loaded shared library C:\Program Files\Apache NetBeans\jdk\bin\net.dll
Event: 0.056 Loaded shared library C:\Program Files\Apache NetBeans\jdk\bin\nio.dll
Event: 0.059 Loaded shared library C:\Program Files\Apache NetBeans\jdk\bin\zip.dll
Event: 2.208 Loaded shared library C:\Program Files\Apache NetBeans\java\maven\lib\jansi-native\Windows\x86_64\jansi.dll
Event: 2.208 Loaded shared library C:\Program Files\Apache NetBeans\jdk\bin\jimage.dll
Event: 2.218 Loaded shared library C:\Program Files\Apache NetBeans\jdk\bin\verify.dll

Deoptimization events (20 events):
Event: 3.480 Thread 0x0000022c1e212dd0 DEOPT PACKING pc=0x0000022c30c53694 sp=0x000000bec9bfb610
Event: 3.480 Thread 0x0000022c1e212dd0 DEOPT UNPACKING pc=0x0000022c30741082 sp=0x000000bec9bfb5a0 mode 2
Event: 3.480 Thread 0x0000022c1e212dd0 Uncommon trap: trap_request=0xffffffd6 fr.pc=0x0000022c30c53694 relative=0x00000000000005f4
Event: 3.480 Thread 0x0000022c1e212dd0 Uncommon trap: reason=array_check action=maybe_recompile pc=0x0000022c30c53694 method=jdk.internal.classfile.impl.SplitConstantPool.internalAdd(Ljava/lang/classfile/constantpool/PoolEntry;I)Ljava/lang/classfile/constantpool/PoolEntry; @ 46 c2
Event: 3.480 Thread 0x0000022c1e212dd0 DEOPT PACKING pc=0x0000022c30c53694 sp=0x000000bec9bfb460
Event: 3.480 Thread 0x0000022c1e212dd0 DEOPT UNPACKING pc=0x0000022c30741082 sp=0x000000bec9bfb3f0 mode 2
Event: 3.480 Thread 0x0000022c1e212dd0 Uncommon trap: trap_request=0xffffffd6 fr.pc=0x0000022c30c53694 relative=0x00000000000005f4
Event: 3.480 Thread 0x0000022c1e212dd0 Uncommon trap: reason=array_check action=maybe_recompile pc=0x0000022c30c53694 method=jdk.internal.classfile.impl.SplitConstantPool.internalAdd(Ljava/lang/classfile/constantpool/PoolEntry;I)Ljava/lang/classfile/constantpool/PoolEntry; @ 46 c2
Event: 3.480 Thread 0x0000022c1e212dd0 DEOPT PACKING pc=0x0000022c30c53694 sp=0x000000bec9bfb460
Event: 3.480 Thread 0x0000022c1e212dd0 DEOPT UNPACKING pc=0x0000022c30741082 sp=0x000000bec9bfb3f0 mode 2
Event: 3.522 Thread 0x0000022c1e212dd0 Uncommon trap: trap_request=0xffffff45 fr.pc=0x0000022c30c3d7dc relative=0x00000000000009dc
Event: 3.522 Thread 0x0000022c1e212dd0 Uncommon trap: reason=unstable_if action=reinterpret pc=0x0000022c30c3d7dc method=java.lang.String.<init>(Ljava/nio/charset/Charset;[BII)V @ 34 c2
Event: 3.522 Thread 0x0000022c1e212dd0 DEOPT PACKING pc=0x0000022c30c3d7dc sp=0x000000bec9bfcf80
Event: 3.522 Thread 0x0000022c1e212dd0 DEOPT UNPACKING pc=0x0000022c30741082 sp=0x000000bec9bfcf10 mode 2
Event: 3.523 Thread 0x0000022c1e212dd0 Uncommon trap: trap_request=0xffffff45 fr.pc=0x0000022c30c14fc0 relative=0x00000000000001c0
Event: 3.523 Thread 0x0000022c1e212dd0 Uncommon trap: reason=unstable_if action=reinterpret pc=0x0000022c30c14fc0 method=java.lang.ClassLoader.checkName(Ljava/lang/String;)Z @ 1 c2
Event: 3.523 Thread 0x0000022c1e212dd0 DEOPT PACKING pc=0x0000022c30c14fc0 sp=0x000000bec9bfe110
Event: 3.523 Thread 0x0000022c1e212dd0 DEOPT UNPACKING pc=0x0000022c30741082 sp=0x000000bec9bfe0a8 mode 2
Event: 3.560 Thread 0x0000022c1e212dd0 DEOPT PACKING pc=0x0000022c29382784 sp=0x000000bec9bfe6d0
Event: 3.560 Thread 0x0000022c1e212dd0 DEOPT UNPACKING pc=0x0000022c30671702 sp=0x000000bec9bfdc30 mode 0

Classes loaded (20 events):
Event: 3.511 Loading class java/lang/invoke/BoundMethodHandle$Species_LI
Event: 3.511 Loading class java/lang/invoke/BoundMethodHandle$Species_LI done
Event: 3.511 Loading class java/lang/invoke/ClassSpecializer$Factory$1
Event: 3.511 Loading class java/lang/invoke/ClassSpecializer$Factory$1 done
Event: 3.512 Loading class java/lang/invoke/ClassSpecializer$Factory$1$1
Event: 3.512 Loading class java/lang/invoke/ClassSpecializer$Factory$1$1 done
Event: 3.512 Loading class java/lang/invoke/ClassSpecializer$Factory$1$1Var
Event: 3.512 Loading class java/lang/invoke/ClassSpecializer$Factory$1$1Var done
Event: 3.512 Loading class java/lang/invoke/ClassSpecializer$Factory$1$2
Event: 3.512 Loading class java/lang/invoke/ClassSpecializer$Factory$1$2 done
Event: 3.513 Loading class java/lang/invoke/ClassSpecializer$Factory$1$3
Event: 3.513 Loading class java/lang/invoke/ClassSpecializer$Factory$1$3 done
Event: 3.513 Loading class java/lang/invoke/ClassSpecializer$Factory$1$4
Event: 3.513 Loading class java/lang/invoke/ClassSpecializer$Factory$1$4 done
Event: 3.513 Loading class java/lang/invoke/ClassSpecializer$Factory$1$5
Event: 3.513 Loading class java/lang/invoke/ClassSpecializer$Factory$1$5 done
Event: 3.513 Loading class java/lang/invoke/ClassSpecializer$Factory$1$5$1
Event: 3.513 Loading class java/lang/invoke/ClassSpecializer$Factory$1$5$1 done
Event: 3.524 Loading class java/lang/ClassValue$RemovalToken
Event: 3.525 Loading class java/lang/ClassValue$RemovalToken done

Classes unloaded (0 events):
No events

Classes redefined (0 events):
No events

Internal exceptions (20 events):
Event: 2.229 Thread 0x0000022c1e212dd0 Exception <a 'java/lang/NoSuchMethodError'{0x000000008c4ffc00}: 'void java.lang.invoke.DirectMethodHandle$Holder.invokeStatic(java.lang.Object, java.lang.Object)'> (0x000000008c4ffc00) 
thrown [s\src\hotspot\share\interpreter\linkResolver.cpp, line 804]
Event: 2.229 Thread 0x0000022c1e212dd0 Exception <a 'java/lang/NoSuchMethodError'{0x000000008c30b7d0}: 'void java.lang.invoke.DirectMethodHandle$Holder.invokeStaticInit(java.lang.Object, java.lang.Object)'> (0x000000008c30b7d0) 
thrown [s\src\hotspot\share\interpreter\linkResolver.cpp, line 804]
Event: 2.245 Thread 0x0000022c1e212dd0 Exception <a 'java/lang/NoSuchMethodError'{0x000000008c355270}: 'void java.lang.invoke.DirectMethodHandle$Holder.invokeStatic(java.lang.Object, java.lang.Object, java.lang.Object)'> (0x000000008c355270) 
thrown [s\src\hotspot\share\interpreter\linkResolver.cpp, line 804]
Event: 2.311 Thread 0x0000022c1e212dd0 Exception <a 'java/lang/NoSuchMethodError'{0x000000008c2cfcb8}: 'java.lang.Object java.lang.invoke.DirectMethodHandle$Holder.invokeSpecialIFC(java.lang.Object, java.lang.Object, java.lang.Object, java.lang.Object)'> (0x000000008c2cfcb8) 
thrown [s\src\hotspot\share\interpreter\linkResolver.cpp, line 804]
Event: 2.487 Thread 0x0000022c1e212dd0 Exception <a 'java/lang/NoSuchMethodError'{0x000000008bdd9ff0}: 'void java.lang.invoke.DirectMethodHandle$Holder.invokeSpecial(java.lang.Object, java.lang.Object, java.lang.Object)'> (0x000000008bdd9ff0) 
thrown [s\src\hotspot\share\interpreter\linkResolver.cpp, line 804]
Event: 2.515 Thread 0x0000022c1e212dd0 Exception <a 'java/lang/NoSuchMethodError'{0x000000008bcf68a0}: 'java.lang.Object java.lang.invoke.DirectMethodHandle$Holder.invokeInterface(java.lang.Object, java.lang.Object)'> (0x000000008bcf68a0) 
thrown [s\src\hotspot\share\interpreter\linkResolver.cpp, line 804]
Event: 2.533 Thread 0x0000022c1e212dd0 Exception <a 'java/lang/NoSuchMethodError'{0x000000008bba1628}: 'int java.lang.invoke.DirectMethodHandle$Holder.invokeStatic(java.lang.Object, java.lang.Object, java.lang.Object, java.lang.Object)'> (0x000000008bba1628) 
thrown [s\src\hotspot\share\interpreter\linkResolver.cpp, line 804]
Event: 2.539 Thread 0x0000022c1e212dd0 Exception <a 'java/lang/NoSuchMethodError'{0x000000008bbcb200}: 'int java.lang.invoke.DirectMethodHandle$Holder.invokeSpecialIFC(java.lang.Object, java.lang.Object, java.lang.Object, java.lang.Object, java.lang.Object)'> (0x000000008bbcb200) 
thrown [s\src\hotspot\share\interpreter\linkResolver.cpp, line 804]
Event: 2.613 Thread 0x0000022c1e212dd0 Exception <a 'java/lang/NoSuchMethodError'{0x000000008b996930}: 'java.lang.Object java.lang.invoke.DirectMethodHandle$Holder.newInvokeSpecial(java.lang.Object, java.lang.Object, java.lang.Object, java.lang.Object, java.lang.Object)'> (0x000000008b996930) 
thrown [s\src\hotspot\share\interpreter\linkResolver.cpp, line 804]
Event: 2.659 Thread 0x0000022c1e212dd0 Exception <a 'java/lang/NoSuchMethodError'{0x000000008b8b10b8}: 'int java.lang.invoke.DirectMethodHandle$Holder.invokeStaticInit(java.lang.Object, java.lang.Object)'> (0x000000008b8b10b8) 
thrown [s\src\hotspot\share\interpreter\linkResolver.cpp, line 804]
Event: 2.669 Thread 0x0000022c1e212dd0 Exception <a 'java/lang/NoClassDefFoundError'{0x000000008b8eade0}: javax/enterprise/inject/Typed> (0x000000008b8eade0) 
thrown [s\src\hotspot\share\classfile\systemDictionary.cpp, line 316]
Event: 3.460 Thread 0x0000022c1e212dd0 Exception <a 'java/lang/NoSuchMethodError'{0x000000008c417b68}: 'void java.lang.invoke.DirectMethodHandle$Holder.invokeStaticInit(java.lang.Object, java.lang.Object, java.lang.Object)'> (0x000000008c417b68) 
thrown [s\src\hotspot\share\interpreter\linkResolver.cpp, line 804]
Event: 3.468 Thread 0x0000022c1e212dd0 Exception <a 'java/lang/ExceptionInInitializerError'{0x000000008c467058}> (0x000000008c467058) 
thrown [s\src\hotspot\share\oops\instanceKlass.cpp, line 1355]
Event: 3.485 Thread 0x0000022c1e212dd0 Exception <a 'java/lang/NoSuchMethodError'{0x000000008c4d3cf8}: 'long java.lang.invoke.DelegatingMethodHandle$Holder.reinvoke_L(java.lang.Object, java.lang.Object, java.lang.Object)'> (0x000000008c4d3cf8) 
thrown [s\src\hotspot\share\interpreter\linkResolver.cpp, line 804]
Event: 3.510 Thread 0x0000022c1e212dd0 Exception <a 'java/lang/NoSuchMethodError'{0x000000008c356d90}: 'long java.lang.invoke.DelegatingMethodHandle$Holder.reinvoke_L(java.lang.Object, java.lang.Object, int)'> (0x000000008c356d90) 
thrown [s\src\hotspot\share\interpreter\linkResolver.cpp, line 804]
Event: 3.514 Thread 0x0000022c1e212dd0 Exception <a 'java/lang/NoSuchMethodError'{0x000000008c36ef28}: 'java.lang.Object java.lang.invoke.DirectMethodHandle$Holder.invokeStatic(java.lang.Object, java.lang.Object, java.lang.Object, java.lang.Object, int)'> (0x000000008c36ef28) 
thrown [s\src\hotspot\share\interpreter\linkResolver.cpp, line 804]
Event: 3.515 Thread 0x0000022c1e212dd0 Exception <a 'java/lang/NoSuchMethodError'{0x000000008c380960}: 'java.lang.Object java.lang.invoke.DirectMethodHandle$Holder.invokeSpecial(java.lang.Object, java.lang.Object, java.lang.Object, java.lang.Object, long)'> (0x000000008c380960) 
thrown [s\src\hotspot\share\interpreter\linkResolver.cpp, line 804]
Event: 3.521 Thread 0x0000022c1e212dd0 Exception <a 'java/lang/NoSuchMethodError'{0x000000008c3d1978}: 'java.lang.Object java.lang.invoke.Invokers$Holder.invokeExact_MT(java.lang.Object, java.lang.Object, java.lang.Object, java.lang.Object, java.lang.Object, java.lang.Object)'> (0x000000008c3d1978) 
thrown [s\src\hotspot\share\interpreter\linkResolver.cpp, line 804]
Event: 3.523 Thread 0x0000022c1e212dd0 Implicit null exception at 0x0000022c30c14e1d to 0x0000022c30c14fac
Event: 3.525 Thread 0x0000022c1e212dd0 Exception <a 'java/lang/NoSuchMethodError'{0x000000008c3f10c8}: 'java.lang.Object java.lang.invoke.Invokers$Holder.invokeExact_MT(java.lang.Object, int, java.lang.Object)'> (0x000000008c3f10c8) 
thrown [s\src\hotspot\share\interpreter\linkResolver.cpp, line 804]

VM Operations (20 events):
Event: 2.199 Executing non-safepoint VM operation: HandshakeAllThreads (Deoptimize)
Event: 2.199 Executing non-safepoint VM operation: HandshakeAllThreads (Deoptimize) done
Event: 2.213 Executing non-safepoint VM operation: HandshakeAllThreads (Deoptimize)
Event: 2.213 Executing non-safepoint VM operation: HandshakeAllThreads (Deoptimize) done
Event: 3.147 Executing non-safepoint VM operation: HandshakeAllThreads (Deoptimize)
Event: 3.147 Executing non-safepoint VM operation: HandshakeAllThreads (Deoptimize) done
Event: 3.278 Executing non-safepoint VM operation: HandshakeAllThreads (Deoptimize)
Event: 3.278 Executing non-safepoint VM operation: HandshakeAllThreads (Deoptimize) done
Event: 3.337 Executing safepoint VM operation: G1CollectForAllocation (G1 Evacuation Pause)
Event: 3.343 Executing safepoint VM operation: G1CollectForAllocation (G1 Evacuation Pause) done
Event: 3.478 Executing non-safepoint VM operation: HandshakeAllThreads (Deoptimize)
Event: 3.478 Executing non-safepoint VM operation: HandshakeAllThreads (Deoptimize) done
Event: 3.491 Executing non-safepoint VM operation: HandshakeAllThreads (Deoptimize)
Event: 3.491 Executing non-safepoint VM operation: HandshakeAllThreads (Deoptimize) done
Event: 3.522 Executing non-safepoint VM operation: HandshakeAllThreads (Deoptimize)
Event: 3.522 Executing non-safepoint VM operation: HandshakeAllThreads (Deoptimize) done
Event: 3.558 Executing non-safepoint VM operation: HandshakeAllThreads (Deoptimize)
Event: 3.558 Executing non-safepoint VM operation: HandshakeAllThreads (Deoptimize) done
Event: 3.559 Executing non-safepoint VM operation: HandshakeAllThreads (Deoptimize)
Event: 3.560 Executing non-safepoint VM operation: HandshakeAllThreads (Deoptimize) done

Memory protections (0 events):
No events

Nmethod flushes (0 events):
No events

Events (15 events):
Event: 0.033 Thread 0x0000022c1e212dd0 Thread added: 0x0000022c1e212dd0
Event: 0.042 Thread 0x0000022c1e212dd0 Thread added: 0x0000022c3d48ad50
Event: 0.042 Thread 0x0000022c1e212dd0 Thread added: 0x0000022c3d48b510
Event: 0.043 Thread 0x0000022c1e212dd0 Thread added: 0x0000022c3d48dcc0
Event: 0.043 Thread 0x0000022c1e212dd0 Thread added: 0x0000022c3d48efd0
Event: 0.043 Thread 0x0000022c1e212dd0 Thread added: 0x0000022c3d49c4c0
Event: 0.043 Thread 0x0000022c1e212dd0 Thread added: 0x0000022c3d49e510
Event: 0.043 Thread 0x0000022c1e212dd0 Thread added: 0x0000022c3d4a8860
Event: 0.043 Thread 0x0000022c1e212dd0 Thread added: 0x0000022c3d4af580
Event: 0.051 Thread 0x0000022c1e212dd0 Thread added: 0x0000022c3d60ae20
Event: 0.052 Thread 0x0000022c1e212dd0 Thread added: 0x0000022c3d612180
Event: 0.082 Thread 0x0000022c3d4af580 Thread added: 0x0000022c3d4add50
Event: 2.203 Thread 0x0000022c1e212dd0 Thread added: 0x0000022c3d8b9b00
Event: 2.238 Thread 0x0000022c3d8b9b00 Thread exited: 0x0000022c3d8b9b00
Event: 2.713 Thread 0x0000022c3d4af580 Thread added: 0x0000022c3d4aed70


Dynamic libraries:
0x00007ff7bf100000 - 0x00007ff7bf10e000 	C:\Program Files\Apache NetBeans\jdk\bin\java.exe
0x00007ff86f4a0000 - 0x00007ff86f707000 	C:\WINDOWS\SYSTEM32\ntdll.dll
0x00007ff86e740000 - 0x00007ff86e809000 	C:\WINDOWS\System32\KERNEL32.DLL
0x00007ff86c900000 - 0x00007ff86ccef000 	C:\WINDOWS\System32\KERNELBASE.dll
0x00007ff86c720000 - 0x00007ff86c86b000 	C:\WINDOWS\System32\ucrtbase.dll
0x00007ff84d070000 - 0x00007ff84d086000 	C:\Program Files\Apache NetBeans\jdk\bin\jli.dll
0x00007ff8644f0000 - 0x00007ff86450e000 	C:\Program Files\Apache NetBeans\jdk\bin\VCRUNTIME140.dll
0x00007ff86d9b0000 - 0x00007ff86db75000 	C:\WINDOWS\System32\USER32.dll
0x00007ff854610000 - 0x00007ff8548a3000 	C:\WINDOWS\WinSxS\amd64_microsoft.windows.common-controls_6595b64144ccf1df_6.0.26100.7309_none_3e05feeae336a044\COMCTL32.dll
0x00007ff86cdb0000 - 0x00007ff86cdd7000 	C:\WINDOWS\System32\win32u.dll
0x00007ff86e890000 - 0x00007ff86e939000 	C:\WINDOWS\System32\msvcrt.dll
0x00007ff86dd20000 - 0x00007ff86dd4b000 	C:\WINDOWS\System32\GDI32.dll
0x00007ff86c5f0000 - 0x00007ff86c71c000 	C:\WINDOWS\System32\gdi32full.dll
0x00007ff86cde0000 - 0x00007ff86ce83000 	C:\WINDOWS\System32\msvcp_win.dll
0x00007ff86eaf0000 - 0x00007ff86eb21000 	C:\WINDOWS\System32\IMM32.DLL
0x00007ff867310000 - 0x00007ff86731c000 	C:\Program Files\Apache NetBeans\jdk\bin\vcruntime140_1.dll
0x00007ff828850000 - 0x00007ff8288dd000 	C:\Program Files\Apache NetBeans\jdk\bin\msvcp140.dll
0x00007fff80480000 - 0x00007fff813a6000 	C:\Program Files\Apache NetBeans\jdk\bin\server\jvm.dll
0x00007ff86db80000 - 0x00007ff86dc34000 	C:\WINDOWS\System32\ADVAPI32.dll
0x00007ff86def0000 - 0x00007ff86df96000 	C:\WINDOWS\System32\sechost.dll
0x00007ff86dd50000 - 0x00007ff86de68000 	C:\WINDOWS\System32\RPCRT4.dll
0x00007ff86e810000 - 0x00007ff86e884000 	C:\WINDOWS\System32\WS2_32.dll
0x00007ff86c450000 - 0x00007ff86c4ae000 	C:\WINDOWS\SYSTEM32\POWRPROF.dll
0x00007ff861b20000 - 0x00007ff861b55000 	C:\WINDOWS\SYSTEM32\WINMM.dll
0x00007ff859d10000 - 0x00007ff859d1b000 	C:\WINDOWS\SYSTEM32\VERSION.dll
0x00007ff86c430000 - 0x00007ff86c444000 	C:\WINDOWS\SYSTEM32\UMPDC.dll
0x00007ff86b3a0000 - 0x00007ff86b3bb000 	C:\WINDOWS\SYSTEM32\kernel.appcore.dll
0x00007ff867300000 - 0x00007ff86730a000 	C:\Program Files\Apache NetBeans\jdk\bin\jimage.dll
0x00007ff869700000 - 0x00007ff869942000 	C:\WINDOWS\SYSTEM32\DBGHELP.DLL
0x00007ff86ebc0000 - 0x00007ff86ef46000 	C:\WINDOWS\System32\combase.dll
0x00007ff86dc40000 - 0x00007ff86dd16000 	C:\WINDOWS\System32\OLEAUT32.dll
0x00007ff852720000 - 0x00007ff85275c000 	C:\WINDOWS\SYSTEM32\dbgcore.DLL
0x00007ff86cd00000 - 0x00007ff86cda5000 	C:\WINDOWS\System32\bcryptPrimitives.dll
0x00007ff856140000 - 0x00007ff85615e000 	C:\Program Files\Apache NetBeans\jdk\bin\java.dll
0x00007ff86e010000 - 0x00007ff86e1a7000 	C:\WINDOWS\System32\ole32.dll
0x00007ff86d240000 - 0x00007ff86d993000 	C:\WINDOWS\System32\SHELL32.dll
0x00007ff86ce90000 - 0x00007ff86cffa000 	C:\WINDOWS\System32\wintypes.dll
0x00007ff86a210000 - 0x00007ff86aa6e000 	C:\WINDOWS\SYSTEM32\windows.storage.dll
0x00007ff86e1b0000 - 0x00007ff86e2a5000 	C:\WINDOWS\System32\SHCORE.dll
0x00007ff86dfa0000 - 0x00007ff86e006000 	C:\WINDOWS\System32\shlwapi.dll
0x00007ff86c510000 - 0x00007ff86c539000 	C:\WINDOWS\SYSTEM32\profapi.dll
0x00007ff831ca0000 - 0x00007ff831cb1000 	C:\Program Files\Apache NetBeans\jdk\bin\net.dll
0x00007ff86b910000 - 0x00007ff86b97b000 	C:\WINDOWS\system32\mswsock.dll
0x00007ff831550000 - 0x00007ff831566000 	C:\Program Files\Apache NetBeans\jdk\bin\nio.dll
0x00007ff84b750000 - 0x00007ff84b767000 	C:\Program Files\Apache NetBeans\jdk\bin\zip.dll
0x00007ff8561f0000 - 0x00007ff856214000 	C:\Program Files\Apache NetBeans\java\maven\lib\jansi-native\Windows\x86_64\jansi.dll
0x00007ff84c480000 - 0x00007ff84c490000 	C:\Program Files\Apache NetBeans\jdk\bin\verify.dll

JVMTI agents: none

dbghelp: loaded successfully - version: 4.0.5 - missing functions: none
symbol engine: initialized successfully - sym options: 0x614 - pdb path: .;C:\Program Files\Apache NetBeans\jdk\bin;C:\WINDOWS\SYSTEM32;C:\WINDOWS\WinSxS\amd64_microsoft.windows.common-controls_6595b64144ccf1df_6.0.26100.7309_none_3e05feeae336a044;C:\Program Files\Apache NetBeans\jdk\bin\server;C:\Program Files\Apache NetBeans\java\maven\lib\jansi-native\Windows\x86_64

VM Arguments:
jvm_args: --enable-native-access=ALL-UNNAMED -Dclassworlds.conf=C:\Program Files\Apache NetBeans\java\maven\bin\m2.conf -Dmaven.home=C:\Program Files\Apache NetBeans\java\maven -Dlibrary.jansi.path=C:\Program Files\Apache NetBeans\java\maven\lib\jansi-native -Dmaven.multiModuleProjectDirectory=D:\prog3003-BIT242338-VuTungDuong\chapter3\SimpleJDBC11 
java_command: org.codehaus.plexus.classworlds.launcher.Launcher -Dexec.vmArgs= -Dexec.args=${exec.vmArgs} -classpath %classpath ${exec.mainClass} ${exec.appArgs} -Dexec.appArgs= -Dexec.mainClass=Main -Dexec.executable=C:\Program Files\Apache NetBeans\jdk\bin\java.exe -Dmaven.ext.class.path=C:\Program Files\Apache NetBeans\java\maven-nblib\netbeans-eventspy.jar --no-transfer-progress process-classes org.codehaus.mojo:exec-maven-plugin:3.5.1:exec
java_class_path (initial): C:\Program Files\Apache NetBeans\java\maven\boot\plexus-classworlds-2.9.0.jar
Launcher Type: SUN_STANDARD

[Global flags]
     intx CICompilerCount                          = 4                                         {product} {ergonomic}
     uint ConcGCThreads                            = 2                                         {product} {ergonomic}
     uint G1ConcRefinementThreads                  = 8                                         {product} {ergonomic}
   size_t G1HeapRegionSize                         = 1048576                                   {product} {ergonomic}
   size_t InitialHeapSize                          = 130023424                                 {product} {ergonomic}
   size_t MarkStackSize                            = 4194304                                   {product} {ergonomic}
   size_t MarkStackSizeMax                         = 536870912                                 {product} {ergonomic}
   size_t MaxHeapSize                              = 2065694720                                {product} {ergonomic}
   size_t MaxNewSize                               = 1239416832                                {product} {ergonomic}
   size_t MinHeapDeltaBytes                        = 1048576                                   {product} {ergonomic}
   size_t MinHeapSize                              = 8388608                                   {product} {ergonomic}
    uintx NonNMethodCodeHeapSize                   = 5832704                                {pd product} {ergonomic}
    uintx NonProfiledCodeHeapSize                  = 122945536                              {pd product} {ergonomic}
    uintx ProfiledCodeHeapSize                     = 122880000                              {pd product} {ergonomic}
    uintx ReservedCodeCacheSize                    = 251658240                              {pd product} {ergonomic}
     bool SegmentedCodeCache                       = true                                      {product} {ergonomic}
   size_t SoftMaxHeapSize                          = 2065694720                             {manageable} {ergonomic}
     bool UseCompressedOops                        = true                           {product lp64_product} {ergonomic}
     bool UseG1GC                                  = true                                      {product} {ergonomic}
     bool UseLargePagesIndividualAllocation        = false                                  {pd product} {ergonomic}

Logging:
Log output configuration:
 #0: stdout all=warning uptime,level,tags foldmultilines=false
 #1: stderr all=off uptime,level,tags foldmultilines=false

Release file:
IMPLEMENTOR="Eclipse Adoptium" 
IMPLEMENTOR_VERSION="Temurin-25.0.1+8" 
JAVA_RUNTIME_VERSION="25.0.1+8-LTS" 
JAVA_VERSION="25.0.1" 
JAVA_VERSION_DATE="2025-10-21" 
LIBC="default" 
MODULES="java.base java.compiler java.datatransfer java.xml java.prefs java.desktop java.instrument java.logging java.management java.security.sasl java.naming java.rmi java.management.rmi java.net.http java.scripting java.security.jgss java.transaction.xa java.sql java.sql.rowset java.xml.crypto java.se java.smartcardio jdk.accessibility jdk.internal.jvmstat jdk.attach jdk.charsets jdk.internal.opt jdk.zipfs jdk.compiler jdk.crypto.cryptoki jdk.crypto.ec jdk.crypto.mscapi jdk.dynalink jdk.internal.ed jdk.editpad jdk.internal.vm.ci jdk.graal.compiler jdk.graal.compiler.management jdk.hotspot.agent jdk.httpserver jdk.incubator.vector jdk.internal.le jdk.internal.md jdk.jartool jdk.javadoc jdk.jcmd jdk.management jdk.management.agent jdk.jconsole jdk.jdeps jdk.jdwp.agent jdk.jdi jdk.jfr jdk.jlink jdk.jpackage jdk.jshell jdk.jsobject jdk.jstatd jdk.localedata jdk.management.jfr jdk.naming.dns jdk.naming.rmi jdk.net jdk.nio.mapmode jdk.sctp jdk.security.auth jdk.security.jgss jdk.unsupported jdk.unsupported.desktop jdk.xml.dom" 
OS_ARCH="x86_64" 
OS_NAME="Windows" 
SOURCE=".:git:61d6a2c1b35e" 
BUILD_SOURCE="git:839fa0b45d809157cffd3dc8515aad262a4a1776"
BUILD_SOURCE_REPO="https://github.com/adoptium/temurin-build.git"
SOURCE_REPO="https://github.com/adoptium/jdk25u.git"
FULL_VERSION="25.0.1+8-LTS"
SEMANTIC_VERSION="25.0.1+8"
BUILD_INFO="OS: Windows Server 2022 Version: 10.0"
JVM_VARIANT="Hotspot"
JVM_VERSION="25.0.1+8-LTS"
IMAGE_TYPE="JDK"

Environment Variables:
JAVA_HOME=C:\Program Files\Apache NetBeans\jdk
PATH=C:\Program Files\Python313\Scripts\;C:\Program Files\Python313\;C:\Program Files\Common Files\Oracle\Java\javapath;C:\WINDOWS\system32;C:\WINDOWS;C:\WINDOWS\System32\Wbem;C:\WINDOWS\System32\WindowsPowerShell\v1.0\;C:\WINDOWS\System32\OpenSSH\;C:\Program Files (x86)\Microsoft SQL Server\160\Tools\Binn\;C:\Program Files\Microsoft SQL Server\160\Tools\Binn\;C:\Program Files\Microsoft SQL Server\Client SDK\ODBC\170\Tools\Binn\;C:\Program Files\Microsoft SQL Server\160\DTS\Binn\;C:\Program Files (x86)\Microsoft SQL Server\160\DTS\Binn\;C:\Program Files\dotnet\;C:\Program Files\Git\cmd;C:\Users\ADMIN\AppData\Local\Microsoft\WindowsApps;C:\Users\ADMIN\AppData\Local\Programs\Microsoft VS Code\bin;C:\msys64\ucrt64\bin;C:\Users\ADMIN\.dotnet\tools;C:\Program Files\JetBrains\PyCharm 2025.2.1.1\bin;C:\Users\ADMIN\AppData\Local\GitHubDesktop\bin
USERNAME=ADMIN
OS=Windows_NT
PROCESSOR_IDENTIFIER=Intel64 Family 6 Model 154 Stepping 4, GenuineIntel
TMP=C:\Users\ADMIN\AppData\Local\Temp
TEMP=C:\Users\ADMIN\AppData\Local\Temp




Compilation memory statistics disabled.

Periodic native trim disabled

---------------  S Y S T E M  ---------------

OS:
 Windows 11 , 64 bit Build 26100 (10.0.26100.7623)
OS uptime: 0 days 0:31 hours

CPU: total 8 (initial active 8) (4 cores per cpu, 2 threads per core) family 6 model 154 stepping 4 microcode 0x432, cx8, cmov, fxsr, ht, mmx, 3dnowpref, sse, sse2, sse3, ssse3, sse4.1, sse4.2, popcnt, lzcnt, tsc, tscinvbit, avx, avx2, aes, erms, clmul, bmi1, bmi2, adx, sha, fma, vzeroupper, clflush, clflushopt, clwb, serialize, rdtscp, rdpid, fsrm, gfni, f16c, pku, cet_ibt, cet_ss
Processor Information for processor 0
  Max Mhz: 1200, Current Mhz: 1200, Mhz Limit: 1200
Processor Information for processor 1
  Max Mhz: 1200, Current Mhz: 1200, Mhz Limit: 1200
Processor Information for processor 2
  Max Mhz: 1200, Current Mhz: 1200, Mhz Limit: 1200
Processor Information for processor 3
  Max Mhz: 1200, Current Mhz: 1200, Mhz Limit: 1200
Processor Information for processor 4
  Max Mhz: 1200, Current Mhz: 900, Mhz Limit: 900
Processor Information for processor 5
  Max Mhz: 1200, Current Mhz: 900, Mhz Limit: 900
Processor Information for processor 6
  Max Mhz: 1200, Current Mhz: 900, Mhz Limit: 900
Processor Information for processor 7
  Max Mhz: 1200, Current Mhz: 900, Mhz Limit: 900

Memory: 4k page, system-wide physical 7877M (1082M free)
TotalPageFile size 11973M (AvailPageFile size 7M)
current process WorkingSet (physical memory assigned to process): 131M, peak: 131M
current process commit charge ("private bytes"): 244M, peak: 245M

vm_info: OpenJDK 64-Bit Server VM (25.0.1+8-LTS) for windows-amd64 JRE (25.0.1+8-LTS), built on 2025-10-21T00:00:00Z with unknown MS VC++:1942

END.
