#
# There is insufficient memory for the Java Runtime Environment to continue.
# Native memory allocation (malloc) failed to allocate 1416920 bytes. Error detail: Chunk::new
# Possible reasons:
#   The system is out of physical RAM or swap space
#   This process is running with CompressedOops enabled, and the Java Heap may be blocking the growth of the native heap
# Possible solutions:
#   Reduce memory load on the system
#   Increase physical memory or swap space
#   Check if swap backing store is full
#   Decrease Java heap size (-Xmx/-Xms)
#   Decrease number of Java threads
#   Decrease Java thread stack sizes (-Xss)
#   Set larger code cache with -XX:ReservedCodeCacheSize=
#   JVM is running with Unscaled Compressed Oops mode in which the Java heap is
#     placed in the first 4GB address space. The Java Heap base address is the
#     maximum limit for the native heap growth. Please use -XX:HeapBaseMinAddress
#     to set the Java Heap base and to place the Java Heap above 4GB virtual address.
# This output file may be truncated or incomplete.
#
#  Out of Memory Error (arena.cpp:186), pid=11216, tid=7972
#
# JRE version: OpenJDK Runtime Environment Temurin-25.0.1+8 (25.0.1+8) (build 25.0.1+8-LTS)
# Java VM: OpenJDK 64-Bit Server VM Temurin-25.0.1+8 (25.0.1+8-LTS, mixed mode, sharing, tiered, compressed oops, compressed class ptrs, g1 gc, windows-amd64)
# No core dump will be written. Minidumps are not enabled by default on client versions of Windows
#

---------------  S U M M A R Y ------------

Command Line: --enable-native-access=ALL-UNNAMED -Dclassworlds.conf=C:\Program Files\Apache NetBeans\java\maven\bin\m2.conf -Dmaven.home=C:\Program Files\Apache NetBeans\java\maven -Dlibrary.jansi.path=C:\Program Files\Apache NetBeans\java\maven\lib\jansi-native -Dmaven.multiModuleProjectDirectory=D:\prog3003-BIT242338-VuTungDuong\chapter3\SimpleJDBC1 org.codehaus.plexus.classworlds.launcher.Launcher -Dmaven.ext.class.path=C:\Program Files\Apache NetBeans\java\maven-nblib\netbeans-eventspy.jar --non-recursive --no-transfer-progress clean

Host: 12th Gen Intel(R) Core(TM) i3-1215U, 8 cores, 7G,  Windows 11 , 64 bit Build 26100 (10.0.26100.7623)
Time: Tue Feb  3 09:12:29 2026 SE Asia Standard Time elapsed time: 2.633586 seconds (0d 0h 0m 2s)

---------------  T H R E A D  ---------------

Current thread (0x0000026c7ec26af0):  JavaThread "C2 CompilerThread0" daemon [_thread_in_native, id=7972, stack(0x00000092a8400000,0x00000092a8500000) (1024K)]


Current CompileTask:
C2:2633 1208       4       java.util.jar.Manifest$FastInputStream::readLine (296 bytes)

Stack: [0x00000092a8400000,0x00000092a8500000]
Native frames: (J=compiled Java code, j=interpreted, Vv=VM code, C=native code)
V  [jvm.dll+0x7a8379]  (no source info available)
V  [jvm.dll+0x7729fd]  (no source info available)
V  [jvm.dll+0x9f57b3]  (no source info available)
V  [jvm.dll+0x9f7da1]  (no source info available)
V  [jvm.dll+0x9f84a3]  (no source info available)
V  [jvm.dll+0x2fcd26]  (no source info available)
V  [jvm.dll+0x111086]  (no source info available)
V  [jvm.dll+0x1113ae]  (no source info available)
V  [jvm.dll+0x1a01a2]  (no source info available)
V  [jvm.dll+0x3b5e72]  (no source info available)
V  [jvm.dll+0x7adcec]  (no source info available)
V  [jvm.dll+0x2c0327]  (no source info available)
V  [jvm.dll+0x2bf2ef]  (no source info available)
V  [jvm.dll+0x237300]  (no source info available)
V  [jvm.dll+0x2cf386]  (no source info available)
V  [jvm.dll+0x2cd60a]  (no source info available)
V  [jvm.dll+0x48f64e]  (no source info available)
V  [jvm.dll+0x99630d]  (no source info available)
V  [jvm.dll+0x7a6955]  (no source info available)
C  [ucrtbase.dll+0x37b0]  (no source info available)
C  [KERNEL32.DLL+0x2e8d7]  (no source info available)
C  [ntdll.dll+0x8c53c]  (no source info available)

Lock stack of current Java thread (top to bottom):


---------------  P R O C E S S  ---------------

Threads class SMR info:
_java_thread_list=0x0000026c7f078250, length=11, elements={
0x0000026c709e2bb0, 0x0000026c7ec19fc0, 0x0000026c7ec1a780, 0x0000026c7ec1c570,
0x0000026c7ec1d3b0, 0x0000026c7ec20190, 0x0000026c7ec236b0, 0x0000026c7ec26af0,
0x0000026c7ec41540, 0x0000026c7ed93d40, 0x0000026c7edbb130
}

Java Threads: ( => current thread )
  0x0000026c709e2bb0 JavaThread "main"                              [_thread_in_Java, id=16724, stack(0x00000092a7600000,0x00000092a7700000) (1024K)]
  0x0000026c7ec19fc0 JavaThread "Reference Handler"          daemon [_thread_blocked, id=16984, stack(0x00000092a7e00000,0x00000092a7f00000) (1024K)]
  0x0000026c7ec1a780 JavaThread "Finalizer"                  daemon [_thread_blocked, id=8992, stack(0x00000092a7f00000,0x00000092a8000000) (1024K)]
  0x0000026c7ec1c570 JavaThread "Signal Dispatcher"          daemon [_thread_blocked, id=19860, stack(0x00000092a8000000,0x00000092a8100000) (1024K)]
  0x0000026c7ec1d3b0 JavaThread "Attach Listener"            daemon [_thread_blocked, id=14956, stack(0x00000092a8100000,0x00000092a8200000) (1024K)]
  0x0000026c7ec20190 JavaThread "Service Thread"             daemon [_thread_blocked, id=5444, stack(0x00000092a8200000,0x00000092a8300000) (1024K)]
  0x0000026c7ec236b0 JavaThread "Monitor Deflation Thread"   daemon [_thread_blocked, id=3708, stack(0x00000092a8300000,0x00000092a8400000) (1024K)]
=>0x0000026c7ec26af0 JavaThread "C2 CompilerThread0"         daemon [_thread_in_native, id=7972, stack(0x00000092a8400000,0x00000092a8500000) (1024K)]
  0x0000026c7ec41540 JavaThread "C1 CompilerThread0"         daemon [_thread_in_vm, id=7640, stack(0x00000092a8500000,0x00000092a8600000) (1024K)]
  0x0000026c7ed93d40 JavaThread "Notification Thread"        daemon [_thread_blocked, id=4560, stack(0x00000092a8600000,0x00000092a8700000) (1024K)]
  0x0000026c7edbb130 JavaThread "Common-Cleaner"             daemon [_thread_blocked, id=19024, stack(0x00000092a8700000,0x00000092a8800000) (1024K)]
Total: 11

Other Threads:
  0x0000026c7ec09bd0 VMThread "VM Thread"                           [id=19324, stack(0x00000092a7d00000,0x00000092a7e00000) (1024K)]
  0x0000026c7ebf9f90 WatcherThread "VM Periodic Task Thread"        [id=17132, stack(0x00000092a7c00000,0x00000092a7d00000) (1024K)]
  0x0000026c72de4570 WorkerThread "GC Thread#0"                     [id=5164, stack(0x00000092a7700000,0x00000092a7800000) (1024K)]
  0x0000026c72dfc840 ConcurrentGCThread "G1 Main Marker"            [id=11232, stack(0x00000092a7800000,0x00000092a7900000) (1024K)]
  0x0000026c72dfe230 WorkerThread "G1 Conc#0"                       [id=16752, stack(0x00000092a7900000,0x00000092a7a00000) (1024K)]
  0x0000026c72e4eab0 ConcurrentGCThread "G1 Refine#0"               [id=16124, stack(0x00000092a7a00000,0x00000092a7b00000) (1024K)]
  0x0000026c7eacb4f0 ConcurrentGCThread "G1 Service"                [id=9808, stack(0x00000092a7b00000,0x00000092a7c00000) (1024K)]
Total: 7

Threads with active compile tasks:
C2 CompilerThread0  2671 1208       4       java.util.jar.Manifest$FastInputStream::readLine (296 bytes)
C1 CompilerThread0  2671 1279       3       sun.nio.cs.UTF_8$Decoder::decodeArrayLoop (688 bytes)
Total: 2

VM state: not at safepoint (normal execution)

VM Mutex/Monitor currently owned by a thread: None

Heap address: 0x0000000084e00000, size: 1970 MB, Compressed Oops mode: 32-bit

CDS archive(s) mapped at: [0x000000000b000000-0x000000000bdd0000-0x000000000bdd0000), size 14483456, SharedBaseAddress: 0x000000000b000000, ArchiveRelocationMode: 1.
Compressed class space mapped at: 0x000000000c000000-0x000000004c000000, reserved size: 1073741824
UseCompressedClassPointers 1, UseCompactObjectHeaders 0
Narrow klass pointer bits 32, Max shift 3
Narrow klass base: 0x000000000b000000, Narrow klass shift: 0
Encoding Range: [0x000000000b000000 - 0x000000010b000000), (4294967296 bytes)
Klass Range:    [0x000000000b010000 - 0x000000004c000000), (1090453504 bytes)
Klass ID Range:  [65536 - 1090519033) (1090453497)
Protection zone: [0x000000000b000000 - 0x000000000b010000), (65536 bytes)

GC Precious Log:
 CardTable entry size: 512
 Card Set container configuration: InlinePtr #cards 5 size 8 Array Of Cards #cards 10 size 36 Howl #buckets 4 coarsen threshold 1843 Howl Bitmap #cards 512 size 80 coarsen threshold 460 Card regions per heap region 1 cards per card region 2048
 CPUs: 8 total, 8 available
 Memory: 7877M
 Large Page Support: Disabled
 NUMA Support: Disabled
 Compressed Oops: Enabled (32-bit)
 Heap Region Size: 1M
 Heap Min Capacity: 8M
 Heap Initial Capacity: 124M
 Heap Max Capacity: 1970M
 Pre-touch: Disabled
 Parallel Workers: 8
 Concurrent Workers: 2
 Concurrent Refinement Workers: 8
 Periodic GC: Disabled

Heap:
 garbage-first heap   total reserved 2017280K, committed 129024K, used 19603K [0x0000000084e00000, 0x0000000100000000)
  region size 1024K, 19 young (19456K), 0 survivors (0K)

Heap Regions: E=young(eden), S=young(survivor), O=old, HS=humongous(starts), HC=humongous(continues), CS=collection set, F=free, TAMS=top-at-mark-start, PB=parsable bottom
|   0|0x0000000084e00000, 0x0000000084e00000, 0x0000000084f00000|  0%| F|  |TAMS 0x0000000084e00000| PB 0x0000000084e00000| Untracked |  0
|   1|0x0000000084f00000, 0x0000000084f00000, 0x0000000085000000|  0%| F|  |TAMS 0x0000000084f00000| PB 0x0000000084f00000| Untracked |  0
|   2|0x0000000085000000, 0x0000000085000000, 0x0000000085100000|  0%| F|  |TAMS 0x0000000085000000| PB 0x0000000085000000| Untracked |  0
|   3|0x0000000085100000, 0x0000000085100000, 0x0000000085200000|  0%| F|  |TAMS 0x0000000085100000| PB 0x0000000085100000| Untracked |  0
|   4|0x0000000085200000, 0x0000000085200000, 0x0000000085300000|  0%| F|  |TAMS 0x0000000085200000| PB 0x0000000085200000| Untracked |  0
|   5|0x0000000085300000, 0x0000000085300000, 0x0000000085400000|  0%| F|  |TAMS 0x0000000085300000| PB 0x0000000085300000| Untracked |  0
|   6|0x0000000085400000, 0x0000000085400000, 0x0000000085500000|  0%| F|  |TAMS 0x0000000085400000| PB 0x0000000085400000| Untracked |  0
|   7|0x0000000085500000, 0x0000000085500000, 0x0000000085600000|  0%| F|  |TAMS 0x0000000085500000| PB 0x0000000085500000| Untracked |  0
|   8|0x0000000085600000, 0x0000000085600000, 0x0000000085700000|  0%| F|  |TAMS 0x0000000085600000| PB 0x0000000085600000| Untracked |  0
|   9|0x0000000085700000, 0x0000000085700000, 0x0000000085800000|  0%| F|  |TAMS 0x0000000085700000| PB 0x0000000085700000| Untracked |  0
|  10|0x0000000085800000, 0x0000000085800000, 0x0000000085900000|  0%| F|  |TAMS 0x0000000085800000| PB 0x0000000085800000| Untracked |  0
|  11|0x0000000085900000, 0x0000000085900000, 0x0000000085a00000|  0%| F|  |TAMS 0x0000000085900000| PB 0x0000000085900000| Untracked |  0
|  12|0x0000000085a00000, 0x0000000085a00000, 0x0000000085b00000|  0%| F|  |TAMS 0x0000000085a00000| PB 0x0000000085a00000| Untracked |  0
|  13|0x0000000085b00000, 0x0000000085b00000, 0x0000000085c00000|  0%| F|  |TAMS 0x0000000085b00000| PB 0x0000000085b00000| Untracked |  0
|  14|0x0000000085c00000, 0x0000000085c00000, 0x0000000085d00000|  0%| F|  |TAMS 0x0000000085c00000| PB 0x0000000085c00000| Untracked |  0
|  15|0x0000000085d00000, 0x0000000085d00000, 0x0000000085e00000|  0%| F|  |TAMS 0x0000000085d00000| PB 0x0000000085d00000| Untracked |  0
|  16|0x0000000085e00000, 0x0000000085e00000, 0x0000000085f00000|  0%| F|  |TAMS 0x0000000085e00000| PB 0x0000000085e00000| Untracked |  0
|  17|0x0000000085f00000, 0x0000000085f00000, 0x0000000086000000|  0%| F|  |TAMS 0x0000000085f00000| PB 0x0000000085f00000| Untracked |  0
|  18|0x0000000086000000, 0x0000000086000000, 0x0000000086100000|  0%| F|  |TAMS 0x0000000086000000| PB 0x0000000086000000| Untracked |  0
|  19|0x0000000086100000, 0x0000000086100000, 0x0000000086200000|  0%| F|  |TAMS 0x0000000086100000| PB 0x0000000086100000| Untracked |  0
|  20|0x0000000086200000, 0x0000000086200000, 0x0000000086300000|  0%| F|  |TAMS 0x0000000086200000| PB 0x0000000086200000| Untracked |  0
|  21|0x0000000086300000, 0x0000000086300000, 0x0000000086400000|  0%| F|  |TAMS 0x0000000086300000| PB 0x0000000086300000| Untracked |  0
|  22|0x0000000086400000, 0x0000000086400000, 0x0000000086500000|  0%| F|  |TAMS 0x0000000086400000| PB 0x0000000086400000| Untracked |  0
|  23|0x0000000086500000, 0x0000000086500000, 0x0000000086600000|  0%| F|  |TAMS 0x0000000086500000| PB 0x0000000086500000| Untracked |  0
|  24|0x0000000086600000, 0x0000000086600000, 0x0000000086700000|  0%| F|  |TAMS 0x0000000086600000| PB 0x0000000086600000| Untracked |  0
|  25|0x0000000086700000, 0x0000000086700000, 0x0000000086800000|  0%| F|  |TAMS 0x0000000086700000| PB 0x0000000086700000| Untracked |  0
|  26|0x0000000086800000, 0x0000000086800000, 0x0000000086900000|  0%| F|  |TAMS 0x0000000086800000| PB 0x0000000086800000| Untracked |  0
|  27|0x0000000086900000, 0x0000000086900000, 0x0000000086a00000|  0%| F|  |TAMS 0x0000000086900000| PB 0x0000000086900000| Untracked |  0
|  28|0x0000000086a00000, 0x0000000086a00000, 0x0000000086b00000|  0%| F|  |TAMS 0x0000000086a00000| PB 0x0000000086a00000| Untracked |  0
|  29|0x0000000086b00000, 0x0000000086b00000, 0x0000000086c00000|  0%| F|  |TAMS 0x0000000086b00000| PB 0x0000000086b00000| Untracked |  0
|  30|0x0000000086c00000, 0x0000000086c00000, 0x0000000086d00000|  0%| F|  |TAMS 0x0000000086c00000| PB 0x0000000086c00000| Untracked |  0
|  31|0x0000000086d00000, 0x0000000086d00000, 0x0000000086e00000|  0%| F|  |TAMS 0x0000000086d00000| PB 0x0000000086d00000| Untracked |  0
|  32|0x0000000086e00000, 0x0000000086e00000, 0x0000000086f00000|  0%| F|  |TAMS 0x0000000086e00000| PB 0x0000000086e00000| Untracked |  0
|  33|0x0000000086f00000, 0x0000000086f00000, 0x0000000087000000|  0%| F|  |TAMS 0x0000000086f00000| PB 0x0000000086f00000| Untracked |  0
|  34|0x0000000087000000, 0x0000000087000000, 0x0000000087100000|  0%| F|  |TAMS 0x0000000087000000| PB 0x0000000087000000| Untracked |  0
|  35|0x0000000087100000, 0x0000000087100000, 0x0000000087200000|  0%| F|  |TAMS 0x0000000087100000| PB 0x0000000087100000| Untracked |  0
|  36|0x0000000087200000, 0x0000000087200000, 0x0000000087300000|  0%| F|  |TAMS 0x0000000087200000| PB 0x0000000087200000| Untracked |  0
|  37|0x0000000087300000, 0x0000000087300000, 0x0000000087400000|  0%| F|  |TAMS 0x0000000087300000| PB 0x0000000087300000| Untracked |  0
|  38|0x0000000087400000, 0x0000000087400000, 0x0000000087500000|  0%| F|  |TAMS 0x0000000087400000| PB 0x0000000087400000| Untracked |  0
|  39|0x0000000087500000, 0x0000000087500000, 0x0000000087600000|  0%| F|  |TAMS 0x0000000087500000| PB 0x0000000087500000| Untracked |  0
|  40|0x0000000087600000, 0x0000000087600000, 0x0000000087700000|  0%| F|  |TAMS 0x0000000087600000| PB 0x0000000087600000| Untracked |  0
|  41|0x0000000087700000, 0x0000000087700000, 0x0000000087800000|  0%| F|  |TAMS 0x0000000087700000| PB 0x0000000087700000| Untracked |  0
|  42|0x0000000087800000, 0x0000000087800000, 0x0000000087900000|  0%| F|  |TAMS 0x0000000087800000| PB 0x0000000087800000| Untracked |  0
|  43|0x0000000087900000, 0x0000000087900000, 0x0000000087a00000|  0%| F|  |TAMS 0x0000000087900000| PB 0x0000000087900000| Untracked |  0
|  44|0x0000000087a00000, 0x0000000087a00000, 0x0000000087b00000|  0%| F|  |TAMS 0x0000000087a00000| PB 0x0000000087a00000| Untracked |  0
|  45|0x0000000087b00000, 0x0000000087b00000, 0x0000000087c00000|  0%| F|  |TAMS 0x0000000087b00000| PB 0x0000000087b00000| Untracked |  0
|  46|0x0000000087c00000, 0x0000000087c00000, 0x0000000087d00000|  0%| F|  |TAMS 0x0000000087c00000| PB 0x0000000087c00000| Untracked |  0
|  47|0x0000000087d00000, 0x0000000087d00000, 0x0000000087e00000|  0%| F|  |TAMS 0x0000000087d00000| PB 0x0000000087d00000| Untracked |  0
|  48|0x0000000087e00000, 0x0000000087e00000, 0x0000000087f00000|  0%| F|  |TAMS 0x0000000087e00000| PB 0x0000000087e00000| Untracked |  0
|  49|0x0000000087f00000, 0x0000000087f00000, 0x0000000088000000|  0%| F|  |TAMS 0x0000000087f00000| PB 0x0000000087f00000| Untracked |  0
|  50|0x0000000088000000, 0x0000000088000000, 0x0000000088100000|  0%| F|  |TAMS 0x0000000088000000| PB 0x0000000088000000| Untracked |  0
|  51|0x0000000088100000, 0x0000000088100000, 0x0000000088200000|  0%| F|  |TAMS 0x0000000088100000| PB 0x0000000088100000| Untracked |  0
|  52|0x0000000088200000, 0x0000000088200000, 0x0000000088300000|  0%| F|  |TAMS 0x0000000088200000| PB 0x0000000088200000| Untracked |  0
|  53|0x0000000088300000, 0x0000000088300000, 0x0000000088400000|  0%| F|  |TAMS 0x0000000088300000| PB 0x0000000088300000| Untracked |  0
|  54|0x0000000088400000, 0x0000000088400000, 0x0000000088500000|  0%| F|  |TAMS 0x0000000088400000| PB 0x0000000088400000| Untracked |  0
|  55|0x0000000088500000, 0x0000000088500000, 0x0000000088600000|  0%| F|  |TAMS 0x0000000088500000| PB 0x0000000088500000| Untracked |  0
|  56|0x0000000088600000, 0x0000000088600000, 0x0000000088700000|  0%| F|  |TAMS 0x0000000088600000| PB 0x0000000088600000| Untracked |  0
|  57|0x0000000088700000, 0x0000000088700000, 0x0000000088800000|  0%| F|  |TAMS 0x0000000088700000| PB 0x0000000088700000| Untracked |  0
|  58|0x0000000088800000, 0x0000000088800000, 0x0000000088900000|  0%| F|  |TAMS 0x0000000088800000| PB 0x0000000088800000| Untracked |  0
|  59|0x0000000088900000, 0x0000000088900000, 0x0000000088a00000|  0%| F|  |TAMS 0x0000000088900000| PB 0x0000000088900000| Untracked |  0
|  60|0x0000000088a00000, 0x0000000088a00000, 0x0000000088b00000|  0%| F|  |TAMS 0x0000000088a00000| PB 0x0000000088a00000| Untracked |  0
|  61|0x0000000088b00000, 0x0000000088b00000, 0x0000000088c00000|  0%| F|  |TAMS 0x0000000088b00000| PB 0x0000000088b00000| Untracked |  0
|  62|0x0000000088c00000, 0x0000000088c00000, 0x0000000088d00000|  0%| F|  |TAMS 0x0000000088c00000| PB 0x0000000088c00000| Untracked |  0
|  63|0x0000000088d00000, 0x0000000088d00000, 0x0000000088e00000|  0%| F|  |TAMS 0x0000000088d00000| PB 0x0000000088d00000| Untracked |  0
|  64|0x0000000088e00000, 0x0000000088e00000, 0x0000000088f00000|  0%| F|  |TAMS 0x0000000088e00000| PB 0x0000000088e00000| Untracked |  0
|  65|0x0000000088f00000, 0x0000000088f00000, 0x0000000089000000|  0%| F|  |TAMS 0x0000000088f00000| PB 0x0000000088f00000| Untracked |  0
|  66|0x0000000089000000, 0x0000000089000000, 0x0000000089100000|  0%| F|  |TAMS 0x0000000089000000| PB 0x0000000089000000| Untracked |  0
|  67|0x0000000089100000, 0x0000000089100000, 0x0000000089200000|  0%| F|  |TAMS 0x0000000089100000| PB 0x0000000089100000| Untracked |  0
|  68|0x0000000089200000, 0x0000000089200000, 0x0000000089300000|  0%| F|  |TAMS 0x0000000089200000| PB 0x0000000089200000| Untracked |  0
|  69|0x0000000089300000, 0x0000000089300000, 0x0000000089400000|  0%| F|  |TAMS 0x0000000089300000| PB 0x0000000089300000| Untracked |  0
|  70|0x0000000089400000, 0x0000000089400000, 0x0000000089500000|  0%| F|  |TAMS 0x0000000089400000| PB 0x0000000089400000| Untracked |  0
|  71|0x0000000089500000, 0x0000000089500000, 0x0000000089600000|  0%| F|  |TAMS 0x0000000089500000| PB 0x0000000089500000| Untracked |  0
|  72|0x0000000089600000, 0x0000000089600000, 0x0000000089700000|  0%| F|  |TAMS 0x0000000089600000| PB 0x0000000089600000| Untracked |  0
|  73|0x0000000089700000, 0x0000000089700000, 0x0000000089800000|  0%| F|  |TAMS 0x0000000089700000| PB 0x0000000089700000| Untracked |  0
|  74|0x0000000089800000, 0x0000000089800000, 0x0000000089900000|  0%| F|  |TAMS 0x0000000089800000| PB 0x0000000089800000| Untracked |  0
|  75|0x0000000089900000, 0x0000000089900000, 0x0000000089a00000|  0%| F|  |TAMS 0x0000000089900000| PB 0x0000000089900000| Untracked |  0
|  76|0x0000000089a00000, 0x0000000089a00000, 0x0000000089b00000|  0%| F|  |TAMS 0x0000000089a00000| PB 0x0000000089a00000| Untracked |  0
|  77|0x0000000089b00000, 0x0000000089b00000, 0x0000000089c00000|  0%| F|  |TAMS 0x0000000089b00000| PB 0x0000000089b00000| Untracked |  0
|  78|0x0000000089c00000, 0x0000000089c00000, 0x0000000089d00000|  0%| F|  |TAMS 0x0000000089c00000| PB 0x0000000089c00000| Untracked |  0
|  79|0x0000000089d00000, 0x0000000089d00000, 0x0000000089e00000|  0%| F|  |TAMS 0x0000000089d00000| PB 0x0000000089d00000| Untracked |  0
|  80|0x0000000089e00000, 0x0000000089e00000, 0x0000000089f00000|  0%| F|  |TAMS 0x0000000089e00000| PB 0x0000000089e00000| Untracked |  0
|  81|0x0000000089f00000, 0x0000000089f00000, 0x000000008a000000|  0%| F|  |TAMS 0x0000000089f00000| PB 0x0000000089f00000| Untracked |  0
|  82|0x000000008a000000, 0x000000008a000000, 0x000000008a100000|  0%| F|  |TAMS 0x000000008a000000| PB 0x000000008a000000| Untracked |  0
|  83|0x000000008a100000, 0x000000008a100000, 0x000000008a200000|  0%| F|  |TAMS 0x000000008a100000| PB 0x000000008a100000| Untracked |  0
|  84|0x000000008a200000, 0x000000008a200000, 0x000000008a300000|  0%| F|  |TAMS 0x000000008a200000| PB 0x000000008a200000| Untracked |  0
|  85|0x000000008a300000, 0x000000008a300000, 0x000000008a400000|  0%| F|  |TAMS 0x000000008a300000| PB 0x000000008a300000| Untracked |  0
|  86|0x000000008a400000, 0x000000008a400000, 0x000000008a500000|  0%| F|  |TAMS 0x000000008a400000| PB 0x000000008a400000| Untracked |  0
|  87|0x000000008a500000, 0x000000008a500000, 0x000000008a600000|  0%| F|  |TAMS 0x000000008a500000| PB 0x000000008a500000| Untracked |  0
|  88|0x000000008a600000, 0x000000008a600000, 0x000000008a700000|  0%| F|  |TAMS 0x000000008a600000| PB 0x000000008a600000| Untracked |  0
|  89|0x000000008a700000, 0x000000008a700000, 0x000000008a800000|  0%| F|  |TAMS 0x000000008a700000| PB 0x000000008a700000| Untracked |  0
|  90|0x000000008a800000, 0x000000008a800000, 0x000000008a900000|  0%| F|  |TAMS 0x000000008a800000| PB 0x000000008a800000| Untracked |  0
|  91|0x000000008a900000, 0x000000008a900000, 0x000000008aa00000|  0%| F|  |TAMS 0x000000008a900000| PB 0x000000008a900000| Untracked |  0
|  92|0x000000008aa00000, 0x000000008aa00000, 0x000000008ab00000|  0%| F|  |TAMS 0x000000008aa00000| PB 0x000000008aa00000| Untracked |  0
|  93|0x000000008ab00000, 0x000000008ab00000, 0x000000008ac00000|  0%| F|  |TAMS 0x000000008ab00000| PB 0x000000008ab00000| Untracked |  0
|  94|0x000000008ac00000, 0x000000008ac00000, 0x000000008ad00000|  0%| F|  |TAMS 0x000000008ac00000| PB 0x000000008ac00000| Untracked |  0
|  95|0x000000008ad00000, 0x000000008ad00000, 0x000000008ae00000|  0%| F|  |TAMS 0x000000008ad00000| PB 0x000000008ad00000| Untracked |  0
|  96|0x000000008ae00000, 0x000000008ae00000, 0x000000008af00000|  0%| F|  |TAMS 0x000000008ae00000| PB 0x000000008ae00000| Untracked |  0
|  97|0x000000008af00000, 0x000000008af00000, 0x000000008b000000|  0%| F|  |TAMS 0x000000008af00000| PB 0x000000008af00000| Untracked |  0
|  98|0x000000008b000000, 0x000000008b000000, 0x000000008b100000|  0%| F|  |TAMS 0x000000008b000000| PB 0x000000008b000000| Untracked |  0
|  99|0x000000008b100000, 0x000000008b100000, 0x000000008b200000|  0%| F|  |TAMS 0x000000008b100000| PB 0x000000008b100000| Untracked |  0
| 100|0x000000008b200000, 0x000000008b200000, 0x000000008b300000|  0%| F|  |TAMS 0x000000008b200000| PB 0x000000008b200000| Untracked |  0
| 101|0x000000008b300000, 0x000000008b300000, 0x000000008b400000|  0%| F|  |TAMS 0x000000008b300000| PB 0x000000008b300000| Untracked |  0
| 102|0x000000008b400000, 0x000000008b400000, 0x000000008b500000|  0%| F|  |TAMS 0x000000008b400000| PB 0x000000008b400000| Untracked |  0
| 103|0x000000008b500000, 0x000000008b500000, 0x000000008b600000|  0%| F|  |TAMS 0x000000008b500000| PB 0x000000008b500000| Untracked |  0
| 104|0x000000008b600000, 0x000000008b600000, 0x000000008b700000|  0%| F|  |TAMS 0x000000008b600000| PB 0x000000008b600000| Untracked |  0
| 105|0x000000008b700000, 0x000000008b780000, 0x000000008b800000| 50%| E|  |TAMS 0x000000008b700000| PB 0x000000008b700000| Complete |  0
| 106|0x000000008b800000, 0x000000008b900000, 0x000000008b900000|100%| E|CS|TAMS 0x000000008b800000| PB 0x000000008b800000| Complete |  0
| 107|0x000000008b900000, 0x000000008ba00000, 0x000000008ba00000|100%| E|CS|TAMS 0x000000008b900000| PB 0x000000008b900000| Complete |  0
| 108|0x000000008ba00000, 0x000000008bb00000, 0x000000008bb00000|100%| E|CS|TAMS 0x000000008ba00000| PB 0x000000008ba00000| Complete |  0
| 109|0x000000008bb00000, 0x000000008bc00000, 0x000000008bc00000|100%| E|CS|TAMS 0x000000008bb00000| PB 0x000000008bb00000| Complete |  0
| 110|0x000000008bc00000, 0x000000008bd00000, 0x000000008bd00000|100%| E|CS|TAMS 0x000000008bc00000| PB 0x000000008bc00000| Complete |  0
| 111|0x000000008bd00000, 0x000000008be00000, 0x000000008be00000|100%| E|CS|TAMS 0x000000008bd00000| PB 0x000000008bd00000| Complete |  0
| 112|0x000000008be00000, 0x000000008bf00000, 0x000000008bf00000|100%| E|CS|TAMS 0x000000008be00000| PB 0x000000008be00000| Complete |  0
| 113|0x000000008bf00000, 0x000000008c000000, 0x000000008c000000|100%| E|CS|TAMS 0x000000008bf00000| PB 0x000000008bf00000| Complete |  0
| 114|0x000000008c000000, 0x000000008c100000, 0x000000008c100000|100%| E|CS|TAMS 0x000000008c000000| PB 0x000000008c000000| Complete |  0
| 115|0x000000008c100000, 0x000000008c200000, 0x000000008c200000|100%| E|CS|TAMS 0x000000008c100000| PB 0x000000008c100000| Complete |  0
| 116|0x000000008c200000, 0x000000008c300000, 0x000000008c300000|100%| E|CS|TAMS 0x000000008c200000| PB 0x000000008c200000| Complete |  0
| 117|0x000000008c300000, 0x000000008c400000, 0x000000008c400000|100%| E|CS|TAMS 0x000000008c300000| PB 0x000000008c300000| Complete |  0
| 118|0x000000008c400000, 0x000000008c500000, 0x000000008c500000|100%| E|CS|TAMS 0x000000008c400000| PB 0x000000008c400000| Complete |  0
| 119|0x000000008c500000, 0x000000008c600000, 0x000000008c600000|100%| E|CS|TAMS 0x000000008c500000| PB 0x000000008c500000| Complete |  0
| 120|0x000000008c600000, 0x000000008c700000, 0x000000008c700000|100%| E|CS|TAMS 0x000000008c600000| PB 0x000000008c600000| Complete |  0
| 121|0x000000008c700000, 0x000000008c800000, 0x000000008c800000|100%| E|CS|TAMS 0x000000008c700000| PB 0x000000008c700000| Complete |  0
| 122|0x000000008c800000, 0x000000008c900000, 0x000000008c900000|100%| E|CS|TAMS 0x000000008c800000| PB 0x000000008c800000| Complete |  0
| 123|0x000000008c900000, 0x000000008ca00000, 0x000000008ca00000|100%| E|CS|TAMS 0x000000008c900000| PB 0x000000008c900000| Complete |  0
|1968|0x00000000ffe00000, 0x00000000fff00000, 0x00000000fff00000|100%| O|  |TAMS 0x00000000ffe00000| PB 0x00000000ffe00000| Untracked |  0
|1969|0x00000000fff00000, 0x00000000fff24ea8, 0x0000000100000000| 14%| O|  |TAMS 0x00000000fff00000| PB 0x00000000fff00000| Untracked |  0

Card table byte_map: [0x0000026c7bf90000,0x0000026c7c370000] _byte_map_base: 0x0000026c7bb69000

Marking Bits: (CMBitMap*) 0x0000026c72de4d00
 Bits: [0x0000026c7c370000, 0x0000026c7e238000)

Polling page: 0x0000026c70be0000

Metaspace:
Metaspace        used 5371K, committed 5568K, reserved 1114112K
 class space     used 485K, committed 576K, reserved 1048576K

Usage:
  Non-class:      4.77 MB used.
      Class:    485.73 KB used.
       Both:      5.25 MB used.

Virtual space:
  Non-class space:       64.00 MB reserved,       4.88 MB (  8%) committed,  1 nodes.
      Class space:        1.00 GB reserved,     576.00 KB ( <1%) committed,  1 nodes.
             Both:        1.06 GB reserved,       5.44 MB ( <1%) committed. 

Chunk freelists:
   Non-Class:  9.20 MB
       Class:  15.42 MB
        Both:  24.62 MB

MaxMetaspaceSize: unlimited
CompressedClassSpaceSize: 1.00 GB
Initial GC threshold: 21.00 MB
Current GC threshold: 21.00 MB
CDS: on
 - commit_granule_bytes: 65536.
 - commit_granule_words: 8192.
 - virtual_space_node_default_size: 8388608.
 - enlarge_chunks_in_place: 1.
UseCompressedClassPointers 1, UseCompactObjectHeaders 0
Narrow klass pointer bits 32, Max shift 3
Narrow klass base: 0x000000000b000000, Narrow klass shift: 0
Encoding Range: [0x000000000b000000 - 0x000000010b000000), (4294967296 bytes)
Klass Range:    [0x000000000b010000 - 0x000000004c000000), (1090453504 bytes)
Klass ID Range:  [65536 - 1090519033) (1090453497)
Protection zone: [0x000000000b000000 - 0x000000000b010000), (65536 bytes)


Internal statistics:

num_allocs_failed_limit: 0.
num_arena_births: 50.
num_arena_deaths: 0.
num_vsnodes_births: 2.
num_vsnodes_deaths: 0.
num_space_committed: 87.
num_space_uncommitted: 0.
num_chunks_returned_to_freelist: 0.
num_chunks_taken_from_freelist: 216.
num_chunk_merges: 0.
num_chunk_splits: 137.
num_chunks_enlarged: 103.
num_inconsistent_stats: 0.

CodeHeap 'non-profiled nmethods': size=120064Kb used=296Kb max_used=296Kb free=119767Kb
 bounds [0x0000026c07ac0000, 0x0000026c07d30000, 0x0000026c0f000000]
CodeHeap 'profiled nmethods': size=120000Kb used=1894Kb max_used=1894Kb free=118105Kb
 bounds [0x0000026c00000000, 0x0000026c00270000, 0x0000026c07530000]
CodeHeap 'non-nmethods': size=5696Kb used=1352Kb max_used=1359Kb free=4343Kb
 bounds [0x0000026c07530000, 0x0000026c077a0000, 0x0000026c07ac0000]
CodeCache: size=245760Kb, used=3542Kb, max_used=3549Kb, free=242215Kb
 total_blobs=1763, nmethods=1293, adapters=372, full_count=0
Compilation: enabled, stopped_count=0, restarted_count=0

Compilation events (20 events):
Event: 1.619 Thread 0x0000026c7ec41540 1197       1       jdk.internal.classfile.impl.AbstractPseudoInstruction$ExceptionCatchImpl::catchTypeEntry (5 bytes)
Event: 1.619 Thread 0x0000026c7ec41540 nmethod 1197 0x0000026c07b06a08 code [0x0000026c07b06b00, 0x0000026c07b06bc8]
Event: 1.619 Thread 0x0000026c7ec41540 1200       1       java.lang.reflect.Method::getReturnType (5 bytes)
Event: 1.619 Thread 0x0000026c7ec41540 nmethod 1200 0x0000026c07b06d08 code [0x0000026c07b06e00, 0x0000026c07b06ec8]
Event: 1.619 Thread 0x0000026c7ec41540 1198       3       jdk.internal.classfile.impl.Util::writeAttribute (67 bytes)
Event: 1.619 Thread 0x0000026c7ec41540 nmethod 1198 0x0000026c001b4708 code [0x0000026c001b4800, 0x0000026c001b4e68]
Event: 1.619 Thread 0x0000026c7ec41540 1203       3       java.util.ArrayList$Itr::<init> (31 bytes)
Event: 1.619 Thread 0x0000026c7ec41540 nmethod 1203 0x0000026c001b4e88 code [0x0000026c001b4f80, 0x0000026c001b52a8]
Event: 1.619 Thread 0x0000026c7ec41540 1205       3       java.util.ArrayList::iterator (9 bytes)
Event: 1.620 Thread 0x0000026c7ec41540 nmethod 1205 0x0000026c001b5308 code [0x0000026c001b5400, 0x0000026c001b56f8]
Event: 1.620 Thread 0x0000026c7ec41540 1202       3       java.util.LinkedHashMap$LinkedHashIterator::hasNext (13 bytes)
Event: 1.620 Thread 0x0000026c7ec41540 nmethod 1202 0x0000026c001b5708 code [0x0000026c001b5800, 0x0000026c001b5958]
Event: 1.620 Thread 0x0000026c7ec41540 1204       3       jdk.internal.classfile.impl.UnboundAttribute::<init> (10 bytes)
Event: 1.620 Thread 0x0000026c7ec41540 nmethod 1204 0x0000026c001b5a08 code [0x0000026c001b5b00, 0x0000026c001b5d20]
Event: 1.620 Thread 0x0000026c7ec41540 1206       1       jdk.internal.classfile.impl.AbstractPoolEntry$FieldRefEntryImpl::tag (3 bytes)
Event: 1.620 Thread 0x0000026c7ec26af0 nmethod 1182 0x0000026c07b07308 code [0x0000026c07b07420, 0x0000026c07b079f8]
Event: 1.620 Thread 0x0000026c7ec41540 nmethod 1206 0x0000026c07b07a08 code [0x0000026c07b07b00, 0x0000026c07b07bc8]
Event: 1.620 Thread 0x0000026c7ec26af0 1201       4       java.util.HashMap::hash (20 bytes)
Event: 1.621 Thread 0x0000026c7ec26af0 nmethod 1201 0x0000026c07b07d08 code [0x0000026c07b07e00, 0x0000026c07b07ef8]
Event: 1.622 Thread 0x0000026c7ec26af0 1208       4       java.util.jar.Manifest$FastInputStream::readLine (296 bytes)

GC Heap Usage History (0 events):
No events

Metaspace Usage History (0 events):
No events

Dll operation events (7 events):
Event: 0.008 Loaded shared library C:\Program Files\Apache NetBeans\jdk\bin\java.dll
Event: 0.046 Loaded shared library C:\Program Files\Apache NetBeans\jdk\bin\net.dll
Event: 0.049 Loaded shared library C:\Program Files\Apache NetBeans\jdk\bin\nio.dll
Event: 0.054 Loaded shared library C:\Program Files\Apache NetBeans\jdk\bin\zip.dll
Event: 0.218 Loaded shared library C:\Program Files\Apache NetBeans\jdk\bin\jimage.dll
Event: 0.218 Loaded shared library C:\Program Files\Apache NetBeans\java\maven\lib\jansi-native\Windows\x86_64\jansi.dll
Event: 0.232 Loaded shared library C:\Program Files\Apache NetBeans\jdk\bin\verify.dll

Deoptimization events (20 events):
Event: 1.387 Thread 0x0000026c709e2bb0 DEOPT PACKING pc=0x0000026c07acec74 sp=0x00000092a76fdbf0
Event: 1.387 Thread 0x0000026c709e2bb0 DEOPT UNPACKING pc=0x0000026c0764f902 sp=0x00000092a76fdb20 mode 2
Event: 1.415 Thread 0x0000026c709e2bb0 Uncommon trap: trap_request=0xffffff45 fr.pc=0x0000026c07acd924 relative=0x00000000000001a4
Event: 1.415 Thread 0x0000026c709e2bb0 Uncommon trap: reason=unstable_if action=reinterpret pc=0x0000026c07acd924 method=java.lang.AbstractStringBuilder.needsNewBuffer([BBIB)Z @ 8 c2
Event: 1.415 Thread 0x0000026c709e2bb0 DEOPT PACKING pc=0x0000026c07acd924 sp=0x00000092a76fe1b0
Event: 1.415 Thread 0x0000026c709e2bb0 DEOPT UNPACKING pc=0x0000026c0764f902 sp=0x00000092a76fe058 mode 2
Event: 1.415 Thread 0x0000026c709e2bb0 Uncommon trap: trap_request=0xffffff45 fr.pc=0x0000026c07ae6750 relative=0x00000000000001d0
Event: 1.415 Thread 0x0000026c709e2bb0 Uncommon trap: reason=unstable_if action=reinterpret pc=0x0000026c07ae6750 method=java.lang.AbstractStringBuilder.isLatin1(B)Z @ 7 c2
Event: 1.415 Thread 0x0000026c709e2bb0 DEOPT PACKING pc=0x0000026c07ae6750 sp=0x00000092a76fe1c0
Event: 1.415 Thread 0x0000026c709e2bb0 DEOPT UNPACKING pc=0x0000026c0764f902 sp=0x00000092a76fe100 mode 2
Event: 1.417 Thread 0x0000026c709e2bb0 Uncommon trap: trap_request=0xffffff45 fr.pc=0x0000026c07acb8e4 relative=0x0000000000000064
Event: 1.417 Thread 0x0000026c709e2bb0 Uncommon trap: reason=unstable_if action=reinterpret pc=0x0000026c07acb8e4 method=java.lang.AbstractStringBuilder.needsNewBuffer([BBIB)Z @ 8 c2
Event: 1.417 Thread 0x0000026c709e2bb0 DEOPT PACKING pc=0x0000026c07acb8e4 sp=0x00000092a76fe0d0
Event: 1.417 Thread 0x0000026c709e2bb0 DEOPT UNPACKING pc=0x0000026c0764f902 sp=0x00000092a76fe058 mode 2
Event: 1.465 Thread 0x0000026c709e2bb0 DEOPT PACKING pc=0x0000026c0003e478 sp=0x00000092a76fd8c0
Event: 1.465 Thread 0x0000026c709e2bb0 DEOPT UNPACKING pc=0x0000026c07581702 sp=0x00000092a76fcd30 mode 0
Event: 1.473 Thread 0x0000026c709e2bb0 DEOPT PACKING pc=0x0000026c00018f79 sp=0x00000092a76fd560
Event: 1.473 Thread 0x0000026c709e2bb0 DEOPT UNPACKING pc=0x0000026c07581702 sp=0x00000092a76fc9d8 mode 0
Event: 1.622 Thread 0x0000026c709e2bb0 DEOPT PACKING pc=0x0000026c0002b4d8 sp=0x00000092a76f6290
Event: 1.622 Thread 0x0000026c709e2bb0 DEOPT UNPACKING pc=0x0000026c07581702 sp=0x00000092a76f5720 mode 0

Classes loaded (20 events):
Event: 1.601 Loading class jdk/internal/classfile/impl/AbstractPseudoInstruction$ExceptionCatchImpl
Event: 1.601 Loading class jdk/internal/classfile/impl/AbstractPseudoInstruction
Event: 1.601 Loading class jdk/internal/classfile/impl/AbstractPseudoInstruction done
Event: 1.601 Loading class jdk/internal/classfile/impl/AbstractPseudoInstruction$ExceptionCatchImpl done
Event: 1.606 Loading class jdk/internal/classfile/impl/StackCounter
Event: 1.606 Loading class jdk/internal/classfile/impl/StackCounter done
Event: 1.606 Loading class jdk/internal/classfile/impl/StackCounter$Target
Event: 1.606 Loading class jdk/internal/classfile/impl/StackCounter$Target done
Event: 1.610 Loading class java/lang/reflect/UndeclaredThrowableException
Event: 1.610 Loading class java/lang/reflect/UndeclaredThrowableException done
Event: 1.614 Loading class java/lang/annotation/Target
Event: 1.614 Loading class java/lang/annotation/Target done
Event: 1.614 Loading class java/lang/annotation/ElementType
Event: 1.614 Loading class java/lang/annotation/ElementType done
Event: 1.615 Loading class java/lang/annotation/Documented
Event: 1.615 Loading class java/lang/annotation/Documented done
Event: 1.625 Loading class java/util/concurrent/TimeoutException
Event: 1.625 Loading class java/util/concurrent/TimeoutException done
Event: 1.625 Loading class java/util/concurrent/CancellationException
Event: 1.625 Loading class java/util/concurrent/CancellationException done

Classes unloaded (0 events):
No events

Classes redefined (0 events):
No events

Internal exceptions (20 events):
Event: 0.221 Thread 0x0000026c709e2bb0 Exception <a 'java/lang/NullPointerException'{0x000000008c4874f0}> (0x000000008c4874f0) 
thrown [s\src\hotspot\share\interpreter\linkResolver.cpp, line 1416]
Event: 0.221 Thread 0x0000026c709e2bb0 Exception <a 'java/lang/NullPointerException'{0x000000008c4877d0}> (0x000000008c4877d0) 
thrown [s\src\hotspot\share\interpreter\linkResolver.cpp, line 1416]
Event: 0.222 Thread 0x0000026c709e2bb0 Exception <a 'java/lang/NullPointerException'{0x000000008c48c128}> (0x000000008c48c128) 
thrown [s\src\hotspot\share\interpreter\linkResolver.cpp, line 1416]
Event: 0.224 Thread 0x0000026c709e2bb0 Exception <a 'java/lang/NullPointerException'{0x000000008c49da78}> (0x000000008c49da78) 
thrown [s\src\hotspot\share\interpreter\linkResolver.cpp, line 1416]
Event: 0.224 Thread 0x0000026c709e2bb0 Exception <a 'java/lang/NullPointerException'{0x000000008c49dd58}> (0x000000008c49dd58) 
thrown [s\src\hotspot\share\interpreter\linkResolver.cpp, line 1416]
Event: 0.224 Thread 0x0000026c709e2bb0 Exception <a 'java/lang/NullPointerException'{0x000000008c49e038}> (0x000000008c49e038) 
thrown [s\src\hotspot\share\interpreter\linkResolver.cpp, line 1416]
Event: 0.224 Thread 0x0000026c709e2bb0 Exception <a 'java/lang/NullPointerException'{0x000000008c49e318}> (0x000000008c49e318) 
thrown [s\src\hotspot\share\interpreter\linkResolver.cpp, line 1416]
Event: 0.231 Thread 0x0000026c709e2bb0 Exception <a 'sun/nio/fs/WindowsException'{0x000000008c4c0d38}> (0x000000008c4c0d38) 
thrown [s\src\hotspot\share\prims\jni.cpp, line 516]
Event: 0.231 Thread 0x0000026c709e2bb0 Exception <a 'sun/nio/fs/WindowsException'{0x000000008c4c1378}> (0x000000008c4c1378) 
thrown [s\src\hotspot\share\prims\jni.cpp, line 516]
Event: 0.231 Thread 0x0000026c709e2bb0 Exception <a 'sun/nio/fs/WindowsException'{0x000000008c4c1960}> (0x000000008c4c1960) 
thrown [s\src\hotspot\share\prims\jni.cpp, line 516]
Event: 0.231 Thread 0x0000026c709e2bb0 Exception <a 'sun/nio/fs/WindowsException'{0x000000008c4c1e08}> (0x000000008c4c1e08) 
thrown [s\src\hotspot\share\prims\jni.cpp, line 516]
Event: 0.243 Thread 0x0000026c709e2bb0 Exception <a 'java/lang/NoSuchMethodError'{0x000000008c4ffbd8}: 'void java.lang.invoke.DirectMethodHandle$Holder.invokeStatic(java.lang.Object, java.lang.Object)'> (0x000000008c4ffbd8) 
thrown [s\src\hotspot\share\interpreter\linkResolver.cpp, line 804]
Event: 0.244 Thread 0x0000026c709e2bb0 Exception <a 'java/lang/NoSuchMethodError'{0x000000008c30b740}: 'void java.lang.invoke.DirectMethodHandle$Holder.invokeStaticInit(java.lang.Object, java.lang.Object)'> (0x000000008c30b740) 
thrown [s\src\hotspot\share\interpreter\linkResolver.cpp, line 804]
Event: 1.260 Thread 0x0000026c709e2bb0 Exception <a 'java/lang/NoSuchMethodError'{0x000000008c3539a0}: 'void java.lang.invoke.DirectMethodHandle$Holder.invokeStatic(java.lang.Object, java.lang.Object, java.lang.Object)'> (0x000000008c3539a0) 
thrown [s\src\hotspot\share\interpreter\linkResolver.cpp, line 804]
Event: 1.347 Thread 0x0000026c709e2bb0 Exception <a 'java/lang/NoSuchMethodError'{0x000000008c2ce300}: 'java.lang.Object java.lang.invoke.DirectMethodHandle$Holder.invokeSpecialIFC(java.lang.Object, java.lang.Object, java.lang.Object, java.lang.Object)'> (0x000000008c2ce300) 
thrown [s\src\hotspot\share\interpreter\linkResolver.cpp, line 804]
Event: 1.515 Thread 0x0000026c709e2bb0 Exception <a 'java/lang/NoSuchMethodError'{0x000000008bdd8940}: 'void java.lang.invoke.DirectMethodHandle$Holder.invokeSpecial(java.lang.Object, java.lang.Object, java.lang.Object)'> (0x000000008bdd8940) 
thrown [s\src\hotspot\share\interpreter\linkResolver.cpp, line 804]
Event: 1.538 Thread 0x0000026c709e2bb0 Exception <a 'java/lang/NoSuchMethodError'{0x000000008bcf33d8}: 'java.lang.Object java.lang.invoke.DirectMethodHandle$Holder.invokeInterface(java.lang.Object, java.lang.Object)'> (0x000000008bcf33d8) 
thrown [s\src\hotspot\share\interpreter\linkResolver.cpp, line 804]
Event: 1.552 Thread 0x0000026c709e2bb0 Exception <a 'java/lang/NoSuchMethodError'{0x000000008bb9e238}: 'int java.lang.invoke.DirectMethodHandle$Holder.invokeStatic(java.lang.Object, java.lang.Object, java.lang.Object, java.lang.Object)'> (0x000000008bb9e238) 
thrown [s\src\hotspot\share\interpreter\linkResolver.cpp, line 804]
Event: 1.555 Thread 0x0000026c709e2bb0 Exception <a 'java/lang/NoSuchMethodError'{0x000000008bbc7e10}: 'int java.lang.invoke.DirectMethodHandle$Holder.invokeSpecialIFC(java.lang.Object, java.lang.Object, java.lang.Object, java.lang.Object, java.lang.Object)'> (0x000000008bbc7e10) 
thrown [s\src\hotspot\share\interpreter\linkResolver.cpp, line 804]
Event: 1.615 Thread 0x0000026c709e2bb0 Exception <a 'java/lang/NoSuchMethodError'{0x000000008b993878}: 'java.lang.Object java.lang.invoke.DirectMethodHandle$Holder.newInvokeSpecial(java.lang.Object, java.lang.Object, java.lang.Object, java.lang.Object, java.lang.Object)'> (0x000000008b993878) 
thrown [s\src\hotspot\share\interpreter\linkResolver.cpp, line 804]

VM Operations (6 events):
Event: 0.056 Executing non-safepoint VM operation: HandshakeAllThreads (Deoptimize)
Event: 0.056 Executing non-safepoint VM operation: HandshakeAllThreads (Deoptimize) done
Event: 0.209 Executing non-safepoint VM operation: HandshakeAllThreads (Deoptimize)
Event: 0.209 Executing non-safepoint VM operation: HandshakeAllThreads (Deoptimize) done
Event: 0.222 Executing non-safepoint VM operation: HandshakeAllThreads (Deoptimize)
Event: 0.222 Executing non-safepoint VM operation: HandshakeAllThreads (Deoptimize) done

Memory protections (0 events):
No events

Nmethod flushes (0 events):
No events

Events (15 events):
Event: 0.022 Thread 0x0000026c709e2bb0 Thread added: 0x0000026c709e2bb0
Event: 0.031 Thread 0x0000026c709e2bb0 Thread added: 0x0000026c7ec19fc0
Event: 0.031 Thread 0x0000026c709e2bb0 Thread added: 0x0000026c7ec1a780
Event: 0.031 Thread 0x0000026c709e2bb0 Thread added: 0x0000026c7ec1c570
Event: 0.031 Thread 0x0000026c709e2bb0 Thread added: 0x0000026c7ec1d3b0
Event: 0.032 Thread 0x0000026c709e2bb0 Thread added: 0x0000026c7ec20190
Event: 0.032 Thread 0x0000026c709e2bb0 Thread added: 0x0000026c7ec236b0
Event: 0.032 Thread 0x0000026c709e2bb0 Thread added: 0x0000026c7ec26af0
Event: 0.032 Thread 0x0000026c709e2bb0 Thread added: 0x0000026c7ec41540
Event: 0.041 Thread 0x0000026c709e2bb0 Thread added: 0x0000026c7ed93d40
Event: 0.043 Thread 0x0000026c709e2bb0 Thread added: 0x0000026c7edbb130
Event: 0.116 Thread 0x0000026c7ec26af0 Thread added: 0x0000026c7ed0b010
Event: 0.214 Thread 0x0000026c709e2bb0 Thread added: 0x0000026c7f28ec40
Event: 0.235 Thread 0x0000026c7f28ec40 Thread exited: 0x0000026c7f28ec40
Event: 1.250 Thread 0x0000026c7ed0b010 Thread exited: 0x0000026c7ed0b010


Dynamic libraries:
0x00007ff6d2480000 - 0x00007ff6d248e000 	C:\Program Files\Apache NetBeans\jdk\bin\java.exe
0x00007ff86f4a0000 - 0x00007ff86f707000 	C:\WINDOWS\SYSTEM32\ntdll.dll
0x00007ff86e740000 - 0x00007ff86e809000 	C:\WINDOWS\System32\KERNEL32.DLL
0x00007ff86c900000 - 0x00007ff86ccef000 	C:\WINDOWS\System32\KERNELBASE.dll
0x00007ff86c720000 - 0x00007ff86c86b000 	C:\WINDOWS\System32\ucrtbase.dll
0x00007ff856140000 - 0x00007ff856156000 	C:\Program Files\Apache NetBeans\jdk\bin\jli.dll
0x00007ff869170000 - 0x00007ff86918e000 	C:\Program Files\Apache NetBeans\jdk\bin\VCRUNTIME140.dll
0x00007ff86d9b0000 - 0x00007ff86db75000 	C:\WINDOWS\System32\USER32.dll
0x00007ff854610000 - 0x00007ff8548a3000 	C:\WINDOWS\WinSxS\amd64_microsoft.windows.common-controls_6595b64144ccf1df_6.0.26100.7309_none_3e05feeae336a044\COMCTL32.dll
0x00007ff86cdb0000 - 0x00007ff86cdd7000 	C:\WINDOWS\System32\win32u.dll
0x00007ff86e890000 - 0x00007ff86e939000 	C:\WINDOWS\System32\msvcrt.dll
0x00007ff86dd20000 - 0x00007ff86dd4b000 	C:\WINDOWS\System32\GDI32.dll
0x00007ff86c5f0000 - 0x00007ff86c71c000 	C:\WINDOWS\System32\gdi32full.dll
0x00007ff86cde0000 - 0x00007ff86ce83000 	C:\WINDOWS\System32\msvcp_win.dll
0x00007ff86eaf0000 - 0x00007ff86eb21000 	C:\WINDOWS\System32\IMM32.DLL
0x00007ff869160000 - 0x00007ff86916c000 	C:\Program Files\Apache NetBeans\jdk\bin\vcruntime140_1.dll
0x00007ff828bb0000 - 0x00007ff828c3d000 	C:\Program Files\Apache NetBeans\jdk\bin\msvcp140.dll
0x00007fff80480000 - 0x00007fff813a6000 	C:\Program Files\Apache NetBeans\jdk\bin\server\jvm.dll
0x00007ff86db80000 - 0x00007ff86dc34000 	C:\WINDOWS\System32\ADVAPI32.dll
0x00007ff86def0000 - 0x00007ff86df96000 	C:\WINDOWS\System32\sechost.dll
0x00007ff86dd50000 - 0x00007ff86de68000 	C:\WINDOWS\System32\RPCRT4.dll
0x00007ff86e810000 - 0x00007ff86e884000 	C:\WINDOWS\System32\WS2_32.dll
0x00007ff861b20000 - 0x00007ff861b55000 	C:\WINDOWS\SYSTEM32\WINMM.dll
0x00007ff859d10000 - 0x00007ff859d1b000 	C:\WINDOWS\SYSTEM32\VERSION.dll
0x00007ff86c450000 - 0x00007ff86c4ae000 	C:\WINDOWS\SYSTEM32\POWRPROF.dll
0x00007ff86c430000 - 0x00007ff86c444000 	C:\WINDOWS\SYSTEM32\UMPDC.dll
0x00007ff86b3a0000 - 0x00007ff86b3bb000 	C:\WINDOWS\SYSTEM32\kernel.appcore.dll
0x00007ff869150000 - 0x00007ff86915a000 	C:\Program Files\Apache NetBeans\jdk\bin\jimage.dll
0x00007ff869700000 - 0x00007ff869942000 	C:\WINDOWS\SYSTEM32\DBGHELP.DLL
0x00007ff86ebc0000 - 0x00007ff86ef46000 	C:\WINDOWS\System32\combase.dll
0x00007ff86dc40000 - 0x00007ff86dd16000 	C:\WINDOWS\System32\OLEAUT32.dll
0x00007ff852720000 - 0x00007ff85275c000 	C:\WINDOWS\SYSTEM32\dbgcore.DLL
0x00007ff86cd00000 - 0x00007ff86cda5000 	C:\WINDOWS\System32\bcryptPrimitives.dll
0x00007ff867300000 - 0x00007ff86731e000 	C:\Program Files\Apache NetBeans\jdk\bin\java.dll
0x00007ff86e010000 - 0x00007ff86e1a7000 	C:\WINDOWS\System32\ole32.dll
0x00007ff86d240000 - 0x00007ff86d993000 	C:\WINDOWS\System32\SHELL32.dll
0x00007ff86ce90000 - 0x00007ff86cffa000 	C:\WINDOWS\System32\wintypes.dll
0x00007ff86a210000 - 0x00007ff86aa6e000 	C:\WINDOWS\SYSTEM32\windows.storage.dll
0x00007ff86e1b0000 - 0x00007ff86e2a5000 	C:\WINDOWS\System32\SHCORE.dll
0x00007ff86dfa0000 - 0x00007ff86e006000 	C:\WINDOWS\System32\shlwapi.dll
0x00007ff86c510000 - 0x00007ff86c539000 	C:\WINDOWS\SYSTEM32\profapi.dll
0x00007ff84b960000 - 0x00007ff84b971000 	C:\Program Files\Apache NetBeans\jdk\bin\net.dll
0x00007ff86b910000 - 0x00007ff86b97b000 	C:\WINDOWS\system32\mswsock.dll
0x00007ff84b750000 - 0x00007ff84b766000 	C:\Program Files\Apache NetBeans\jdk\bin\nio.dll
0x00007ff84d070000 - 0x00007ff84d087000 	C:\Program Files\Apache NetBeans\jdk\bin\zip.dll
0x00007ff8369e0000 - 0x00007ff836a04000 	C:\Program Files\Apache NetBeans\java\maven\lib\jansi-native\Windows\x86_64\jansi.dll
0x00007ff8644f0000 - 0x00007ff864500000 	C:\Program Files\Apache NetBeans\jdk\bin\verify.dll

JVMTI agents: none

dbghelp: loaded successfully - version: 4.0.5 - missing functions: none
symbol engine: initialized successfully - sym options: 0x614 - pdb path: .;C:\Program Files\Apache NetBeans\jdk\bin;C:\WINDOWS\SYSTEM32;C:\WINDOWS\WinSxS\amd64_microsoft.windows.common-controls_6595b64144ccf1df_6.0.26100.7309_none_3e05feeae336a044;C:\Program Files\Apache NetBeans\jdk\bin\server;C:\Program Files\Apache NetBeans\java\maven\lib\jansi-native\Windows\x86_64

VM Arguments:
jvm_args: --enable-native-access=ALL-UNNAMED -Dclassworlds.conf=C:\Program Files\Apache NetBeans\java\maven\bin\m2.conf -Dmaven.home=C:\Program Files\Apache NetBeans\java\maven -Dlibrary.jansi.path=C:\Program Files\Apache NetBeans\java\maven\lib\jansi-native -Dmaven.multiModuleProjectDirectory=D:\prog3003-BIT242338-VuTungDuong\chapter3\SimpleJDBC1 
java_command: org.codehaus.plexus.classworlds.launcher.Launcher -Dmaven.ext.class.path=C:\Program Files\Apache NetBeans\java\maven-nblib\netbeans-eventspy.jar --non-recursive --no-transfer-progress clean
java_class_path (initial): C:\Program Files\Apache NetBeans\java\maven\boot\plexus-classworlds-2.9.0.jar
Launcher Type: SUN_STANDARD

[Global flags]
     intx CICompilerCount                          = 4                                         {product} {ergonomic}
     uint ConcGCThreads                            = 2                                         {product} {ergonomic}
     uint G1ConcRefinementThreads                  = 8                                         {product} {ergonomic}
   size_t G1HeapRegionSize                         = 1048576                                   {product} {ergonomic}
   size_t InitialHeapSize                          = 130023424                                 {product} {ergonomic}
   size_t MarkStackSize                            = 4194304                                   {product} {ergonomic}
   size_t MarkStackSizeMax                         = 536870912                                 {product} {ergonomic}
   size_t MaxHeapSize                              = 2065694720                                {product} {ergonomic}
   size_t MaxNewSize                               = 1239416832                                {product} {ergonomic}
   size_t MinHeapDeltaBytes                        = 1048576                                   {product} {ergonomic}
   size_t MinHeapSize                              = 8388608                                   {product} {ergonomic}
    uintx NonNMethodCodeHeapSize                   = 5832704                                {pd product} {ergonomic}
    uintx NonProfiledCodeHeapSize                  = 122945536                              {pd product} {ergonomic}
    uintx ProfiledCodeHeapSize                     = 122880000                              {pd product} {ergonomic}
    uintx ReservedCodeCacheSize                    = 251658240                              {pd product} {ergonomic}
     bool SegmentedCodeCache                       = true                                      {product} {ergonomic}
   size_t SoftMaxHeapSize                          = 2065694720                             {manageable} {ergonomic}
     bool UseCompressedOops                        = true                           {product lp64_product} {ergonomic}
     bool UseG1GC                                  = true                                      {product} {ergonomic}
     bool UseLargePagesIndividualAllocation        = false                                  {pd product} {ergonomic}

Logging:
Log output configuration:
 #0: stdout all=warning uptime,level,tags foldmultilines=false
 #1: stderr all=off uptime,level,tags foldmultilines=false

Release file:
IMPLEMENTOR="Eclipse Adoptium" 
IMPLEMENTOR_VERSION="Temurin-25.0.1+8" 
JAVA_RUNTIME_VERSION="25.0.1+8-LTS" 
JAVA_VERSION="25.0.1" 
JAVA_VERSION_DATE="2025-10-21" 
LIBC="default" 
MODULES="java.base java.compiler java.datatransfer java.xml java.prefs java.desktop java.instrument java.logging java.management java.security.sasl java.naming java.rmi java.management.rmi java.net.http java.scripting java.security.jgss java.transaction.xa java.sql java.sql.rowset java.xml.crypto java.se java.smartcardio jdk.accessibility jdk.internal.jvmstat jdk.attach jdk.charsets jdk.internal.opt jdk.zipfs jdk.compiler jdk.crypto.cryptoki jdk.crypto.ec jdk.crypto.mscapi jdk.dynalink jdk.internal.ed jdk.editpad jdk.internal.vm.ci jdk.graal.compiler jdk.graal.compiler.management jdk.hotspot.agent jdk.httpserver jdk.incubator.vector jdk.internal.le jdk.internal.md jdk.jartool jdk.javadoc jdk.jcmd jdk.management jdk.management.agent jdk.jconsole jdk.jdeps jdk.jdwp.agent jdk.jdi jdk.jfr jdk.jlink jdk.jpackage jdk.jshell jdk.jsobject jdk.jstatd jdk.localedata jdk.management.jfr jdk.naming.dns jdk.naming.rmi jdk.net jdk.nio.mapmode jdk.sctp jdk.security.auth jdk.security.jgss jdk.unsupported jdk.unsupported.desktop jdk.xml.dom" 
OS_ARCH="x86_64" 
OS_NAME="Windows" 
SOURCE=".:git:61d6a2c1b35e" 
BUILD_SOURCE="git:839fa0b45d809157cffd3dc8515aad262a4a1776"
BUILD_SOURCE_REPO="https://github.com/adoptium/temurin-build.git"
SOURCE_REPO="https://github.com/adoptium/jdk25u.git"
FULL_VERSION="25.0.1+8-LTS"
SEMANTIC_VERSION="25.0.1+8"
BUILD_INFO="OS: Windows Server 2022 Version: 10.0"
JVM_VARIANT="Hotspot"
JVM_VERSION="25.0.1+8-LTS"
IMAGE_TYPE="JDK"

Environment Variables:
JAVA_HOME=C:\Program Files\Apache NetBeans\jdk
PATH=C:\Program Files\Python313\Scripts\;C:\Program Files\Python313\;C:\Program Files\Common Files\Oracle\Java\javapath;C:\WINDOWS\system32;C:\WINDOWS;C:\WINDOWS\System32\Wbem;C:\WINDOWS\System32\WindowsPowerShell\v1.0\;C:\WINDOWS\System32\OpenSSH\;C:\Program Files (x86)\Microsoft SQL Server\160\Tools\Binn\;C:\Program Files\Microsoft SQL Server\160\Tools\Binn\;C:\Program Files\Microsoft SQL Server\Client SDK\ODBC\170\Tools\Binn\;C:\Program Files\Microsoft SQL Server\160\DTS\Binn\;C:\Program Files (x86)\Microsoft SQL Server\160\DTS\Binn\;C:\Program Files\dotnet\;C:\Program Files\Git\cmd;C:\Users\ADMIN\AppData\Local\Microsoft\WindowsApps;C:\Users\ADMIN\AppData\Local\Programs\Microsoft VS Code\bin;C:\msys64\ucrt64\bin;C:\Users\ADMIN\.dotnet\tools;C:\Program Files\JetBrains\PyCharm 2025.2.1.1\bin;C:\Users\ADMIN\AppData\Local\GitHubDesktop\bin
USERNAME=ADMIN
OS=Windows_NT
PROCESSOR_IDENTIFIER=Intel64 Family 6 Model 154 Stepping 4, GenuineIntel
TMP=C:\Users\ADMIN\AppData\Local\Temp
TEMP=C:\Users\ADMIN\AppData\Local\Temp




Compilation memory statistics disabled.

Periodic native trim disabled

---------------  S Y S T E M  ---------------

OS:
 Windows 11 , 64 bit Build 26100 (10.0.26100.7623)
OS uptime: 0 days 0:23 hours

CPU: total 8 (initial active 8) (4 cores per cpu, 2 threads per core) family 6 model 154 stepping 4 microcode 0x432, cx8, cmov, fxsr, ht, mmx, 3dnowpref, sse, sse2, sse3, ssse3, sse4.1, sse4.2, popcnt, lzcnt, tsc, tscinvbit, avx, avx2, aes, erms, clmul, bmi1, bmi2, adx, sha, fma, vzeroupper, clflush, clflushopt, clwb, serialize, rdtscp, rdpid, fsrm, gfni, f16c, pku, cet_ibt, cet_ss
Processor Information for processor 0
  Max Mhz: 1200, Current Mhz: 1200, Mhz Limit: 1200
Processor Information for processor 1
  Max Mhz: 1200, Current Mhz: 1200, Mhz Limit: 1200
Processor Information for processor 2
  Max Mhz: 1200, Current Mhz: 1200, Mhz Limit: 1200
Processor Information for processor 3
  Max Mhz: 1200, Current Mhz: 1200, Mhz Limit: 1200
Processor Information for processor 4
  Max Mhz: 1200, Current Mhz: 900, Mhz Limit: 900
Processor Information for processor 5
  Max Mhz: 1200, Current Mhz: 900, Mhz Limit: 900
Processor Information for processor 6
  Max Mhz: 1200, Current Mhz: 900, Mhz Limit: 900
Processor Information for processor 7
  Max Mhz: 1200, Current Mhz: 900, Mhz Limit: 900

Memory: 4k page, system-wide physical 7877M (1234M free)
TotalPageFile size 11973M (AvailPageFile size 5M)
current process WorkingSet (physical memory assigned to process): 77M, peak: 77M
current process commit charge ("private bytes"): 225M, peak: 225M

vm_info: OpenJDK 64-Bit Server VM (25.0.1+8-LTS) for windows-amd64 JRE (25.0.1+8-LTS), built on 2025-10-21T00:00:00Z with unknown MS VC++:1942

END.
